Component: ARM Compiler 5.06 update 7 (build 960) Tool: armlink [4d3601]

==============================================================================

Section Cross References

    startup_stm32f103xb.o(RESET) refers to startup_stm32f103xb.o(STACK) for __initial_sp
    startup_stm32f103xb.o(RESET) refers to startup_stm32f103xb.o(.text) for Reset_Handler
    startup_stm32f103xb.o(RESET) refers to stm32f1xx_it.o(i.NMI_Handler) for NMI_Handler
    startup_stm32f103xb.o(RESET) refers to stm32f1xx_it.o(i.HardFault_Handler) for HardFault_Handler
    startup_stm32f103xb.o(RESET) refers to stm32f1xx_it.o(i.MemManage_Handler) for MemManage_Handler
    startup_stm32f103xb.o(RESET) refers to stm32f1xx_it.o(i.BusFault_Handler) for BusFault_Handler
    startup_stm32f103xb.o(RESET) refers to stm32f1xx_it.o(i.UsageFault_Handler) for UsageFault_Handler
    startup_stm32f103xb.o(RESET) refers to port.o(.emb_text) for SVC_Handler
    startup_stm32f103xb.o(RESET) refers to stm32f1xx_it.o(i.DebugMon_Handler) for DebugMon_Handler
    startup_stm32f103xb.o(RESET) refers to stm32f1xx_it.o(i.SysTick_Handler) for SysTick_Handler
    startup_stm32f103xb.o(RESET) refers to stm32f1xx_it.o(i.DMA1_Channel1_IRQHandler) for DMA1_Channel1_IRQHandler
    startup_stm32f103xb.o(RESET) refers to stm32f1xx_it.o(i.TIM2_IRQHandler) for TIM2_IRQHandler
    startup_stm32f103xb.o(RESET) refers to stm32f1xx_it.o(i.USART1_IRQHandler) for USART1_IRQHandler
    startup_stm32f103xb.o(RESET) refers to stm32f1xx_it.o(i.USART2_IRQHandler) for USART2_IRQHandler
    startup_stm32f103xb.o(.text) refers to system_stm32f1xx.o(i.SystemInit) for SystemInit
    startup_stm32f103xb.o(.text) refers to entry.o(.ARM.Collect$$$$00000000) for __main
    main.o(i.SystemClock_Config) refers to memseta.o(.text) for __aeabi_memclr4
    main.o(i.SystemClock_Config) refers to stm32f1xx_hal_rcc.o(i.HAL_RCC_OscConfig) for HAL_RCC_OscConfig
    main.o(i.SystemClock_Config) refers to stm32f1xx_hal_rcc.o(i.HAL_RCC_ClockConfig) for HAL_RCC_ClockConfig
    main.o(i.SystemClock_Config) refers to stm32f1xx_hal_rcc_ex.o(i.HAL_RCCEx_PeriphCLKConfig) for HAL_RCCEx_PeriphCLKConfig
    main.o(i.main) refers to stm32f1xx_hal.o(i.HAL_Init) for HAL_Init
    main.o(i.main) refers to main.o(i.SystemClock_Config) for SystemClock_Config
    main.o(i.main) refers to gpio.o(i.MX_GPIO_Init) for MX_GPIO_Init
    main.o(i.main) refers to dma.o(i.MX_DMA_Init) for MX_DMA_Init
    main.o(i.main) refers to adc.o(i.MX_ADC1_Init) for MX_ADC1_Init
    main.o(i.main) refers to tim.o(i.MX_TIM2_Init) for MX_TIM2_Init
    main.o(i.main) refers to usart.o(i.MX_USART1_UART_Init) for MX_USART1_UART_Init
    main.o(i.main) refers to usart.o(i.MX_USART2_UART_Init) for MX_USART2_UART_Init
    main.o(i.main) refers to tim.o(i.MX_TIM3_Init) for MX_TIM3_Init
    main.o(i.main) refers to spi.o(i.MX_SPI1_Init) for MX_SPI1_Init
    main.o(i.main) refers to usart.o(i.USART1_DebugWrite) for USART1_DebugWrite
    main.o(i.main) refers to printfa.o(i.__0printf) for __2printf
    main.o(i.main) refers to app_datacollect.o(i.app_collect_init) for app_collect_init
    main.o(i.main) refers to app_task.o(i.FreeRTOS_Start) for FreeRTOS_Start
    main.o(i.main) refers to usart.o(.data) for __stdout
    main.o(i.main) refers to main.o(.conststring) for .conststring
    main.o(i.vApplicationStackOverflowHook) refers to printfa.o(i.__0printf) for __2printf
    gpio.o(i.MX_GPIO_Init) refers to stm32f1xx_hal_gpio.o(i.HAL_GPIO_WritePin) for HAL_GPIO_WritePin
    gpio.o(i.MX_GPIO_Init) refers to stm32f1xx_hal_gpio.o(i.HAL_GPIO_Init) for HAL_GPIO_Init
    adc.o(i.HAL_ADC_MspDeInit) refers to stm32f1xx_hal_gpio.o(i.HAL_GPIO_DeInit) for HAL_GPIO_DeInit
    adc.o(i.HAL_ADC_MspDeInit) refers to stm32f1xx_hal_dma.o(i.HAL_DMA_DeInit) for HAL_DMA_DeInit
    adc.o(i.HAL_ADC_MspInit) refers to stm32f1xx_hal_gpio.o(i.HAL_GPIO_Init) for HAL_GPIO_Init
    adc.o(i.HAL_ADC_MspInit) refers to stm32f1xx_hal_dma.o(i.HAL_DMA_Init) for HAL_DMA_Init
    adc.o(i.HAL_ADC_MspInit) refers to main.o(i.Error_Handler) for Error_Handler
    adc.o(i.HAL_ADC_MspInit) refers to adc.o(.bss) for .bss
    adc.o(i.MX_ADC1_Init) refers to stm32f1xx_hal_adc.o(i.HAL_ADC_Init) for HAL_ADC_Init
    adc.o(i.MX_ADC1_Init) refers to main.o(i.Error_Handler) for Error_Handler
    adc.o(i.MX_ADC1_Init) refers to stm32f1xx_hal_adc.o(i.HAL_ADC_ConfigChannel) for HAL_ADC_ConfigChannel
    adc.o(i.MX_ADC1_Init) refers to adc.o(.bss) for .bss
    dma.o(i.MX_DMA_Init) refers to stm32f1xx_hal_cortex.o(i.HAL_NVIC_SetPriority) for HAL_NVIC_SetPriority
    dma.o(i.MX_DMA_Init) refers to stm32f1xx_hal_cortex.o(i.HAL_NVIC_EnableIRQ) for HAL_NVIC_EnableIRQ
    spi.o(i.HAL_SPI_MspDeInit) refers to stm32f1xx_hal_gpio.o(i.HAL_GPIO_DeInit) for HAL_GPIO_DeInit
    spi.o(i.HAL_SPI_MspInit) refers to stm32f1xx_hal_gpio.o(i.HAL_GPIO_Init) for HAL_GPIO_Init
    spi.o(i.MX_SPI1_Init) refers to stm32f1xx_hal_spi.o(i.HAL_SPI_Init) for HAL_SPI_Init
[...]
    Start_Task                               0x08002bf9   Thumb Code   128  app_task.o(i.Start_Task)
    i.SysTick_Handler                        0x08002d20   Section        0  stm32f1xx_it.o(i.SysTick_Handler)
    i.SystemClock_Config                     0x08002d38   Section        0  main.o(i.SystemClock_Config)
    i.SystemInit                             0x08002db0   Section        0  system_stm32f1xx.o(i.SystemInit)
    i.TIM2_IRQHandler                        0x08002db4   Section        0  stm32f1xx_it.o(i.TIM2_IRQHandler)
    i.TIM_Base_SetConfig                     0x08002dc0   Section        0  stm32f1xx_hal_tim.o(i.TIM_Base_SetConfig)
    i.TIM_ETR_SetConfig                      0x08002e38   Section        0  stm32f1xx_hal_tim.o(i.TIM_ETR_SetConfig)
    i.TIM_ITRx_SetConfig                     0x08002e4c   Section        0  stm32f1xx_hal_tim.o(i.TIM_ITRx_SetConfig)
    TIM_ITRx_SetConfig                       0x08002e4d   Thumb Code    16  stm32f1xx_hal_tim.o(i.TIM_ITRx_SetConfig)
    i.TIM_TI1_ConfigInputStage               0x08002e5c   Section        0  stm32f1xx_hal_tim.o(i.TIM_TI1_ConfigInputStage)
    TIM_TI1_ConfigInputStage                 0x08002e5d   Thumb Code    34  stm32f1xx_hal_tim.o(i.TIM_TI1_ConfigInputStage)
    i.TIM_TI2_ConfigInputStage               0x08002e7e   Section        0  stm32f1xx_hal_tim.o(i.TIM_TI2_ConfigInputStage)
    TIM_TI2_ConfigInputStage                 0x08002e7f   Thumb Code    36  stm32f1xx_hal_tim.o(i.TIM_TI2_ConfigInputStage)
    i.UART_DMAAbortOnError                   0x08002ea2   Section        0  stm32f1xx_hal_uart.o(i.UART_DMAAbortOnError)
    UART_DMAAbortOnError                     0x08002ea3   Thumb Code    16  stm32f1xx_hal_uart.o(i.UART_DMAAbortOnError)
    i.UART_EndRxTransfer                     0x08002eb2   Section        0  stm32f1xx_hal_uart.o(i.UART_EndRxTransfer)
    UART_EndRxTransfer                       0x08002eb3   Thumb Code    78  stm32f1xx_hal_uart.o(i.UART_EndRxTransfer)
    i.UART_Receive_IT                        0x08002f00   Section        0  stm32f1xx_hal_uart.o(i.UART_Receive_IT)
    UART_Receive_IT                          0x08002f01   Thumb Code   194  stm32f1xx_hal_uart.o(i.UART_Receive_IT)
    i.UART_SetConfig                         0x08002fc4   Section        0  stm32f1xx_hal_uart.o(i.UART_SetConfig)
    UART_SetConfig                           0x08002fc5   Thumb Code   178  stm32f1xx_hal_uart.o(i.UART_SetConfig)
    i.UART_Start_Receive_IT                  0x0800307c   Section        0  stm32f1xx_hal_uart.o(i.UART_Start_Receive_IT)
    i.UART_WaitOnFlagUntilTimeout            0x080030b2   Section        0  stm32f1xx_hal_uart.o(i.UART_WaitOnFlagUntilTimeout)
    UART_WaitOnFlagUntilTimeout              0x080030b3   Thumb Code   114  stm32f1xx_hal_uart.o(i.UART_WaitOnFlagUntilTimeout)
    i.USART1_DebugWrite                      0x08003124   Section        0  usart.o(i.USART1_DebugWrite)
    i.USART1_IRQHandler                      0x0800314c   Section        0  stm32f1xx_it.o(i.USART1_IRQHandler)
    i.USART2_IRQHandler                      0x08003158   Section        0  stm32f1xx_it.o(i.USART2_IRQHandler)
    i.UsageFault_Handler                     0x08003164   Section        0  stm32f1xx_it.o(i.UsageFault_Handler)
    i.__0printf                              0x08003168   Section        0  printfa.o(i.__0printf)
    i.__0snprintf                            0x08003188   Section        0  printfa.o(i.__0snprintf)
    i.__ARM_fpclassifyf                      0x080031bc   Section        0  fpclassifyf.o(i.__ARM_fpclassifyf)
    i.__NVIC_SetPriority                     0x080031e2   Section        0  stm32f1xx_hal_cortex.o(i.__NVIC_SetPriority)
    __NVIC_SetPriority                       0x080031e3   Thumb Code    32  stm32f1xx_hal_cortex.o(i.__NVIC_SetPriority)
    i.__mathlib_flt_infnan2                  0x08003202   Section        0  funder.o(i.__mathlib_flt_infnan2)
    i.__mathlib_flt_underflow                0x08003206   Section        0  funder.o(i.__mathlib_flt_underflow)
    i.__scatterload_copy                     0x08003210   Section       14  handlers.o(i.__scatterload_copy)
    i.__scatterload_null                     0x0800321e   Section        2  handlers.o(i.__scatterload_null)
    i.__scatterload_zeroinit                 0x08003220   Section       14  handlers.o(i.__scatterload_zeroinit)
    i.__set_errno                            0x08003230   Section        0  errno.o(i.__set_errno)
    i._fp_digits                             0x0800323c   Section        0  printfa.o(i._fp_digits)
    _fp_digits                               0x0800323d   Thumb Code   366  printfa.o(i._fp_digits)
    i._printf_core                           0x080033c0   Section        0  printfa.o(i._printf_core)
    _printf_core                             0x080033c1   Thumb Code  1704  printfa.o(i._printf_core)
    i._printf_post_padding                   0x08003a74   Section        0  printfa.o(i._printf_post_padding)
    _printf_post_padding                     0x08003a75   Thumb Code    36  printfa.o(i._printf_post_padding)
    i._printf_pre_padding                    0x08003a98   Section        0  printfa.o(i._printf_pre_padding)
    _printf_pre_padding                      0x08003a99   Thumb Code    46  printfa.o(i._printf_pre_padding)
    i._snputc                                0x08003ac6   Section        0  printfa.o(i._snputc)
    _snputc                                  0x08003ac7   Thumb Code    22  printfa.o(i._snputc)
    i.app_collect_dht11                      0x08003adc   Section        0  app_datacollect.o(i.app_collect_dht11)
    i.app_collect_get_snapshot               0x08003c30   Section        0  app_datacollect.o(i.app_collect_get_snapshot)
    i.app_collect_init                       0x08003c44   Section        0  app_datacollect.o(i.app_collect_init)
    i.app_collect_mpu6050                    0x08003e84   Section        0  app_datacollect.o(i.app_collect_mpu6050)
    app_collect_mpu6050                      0x08003e85   Thumb Code   346  app_datacollect.o(i.app_collect_mpu6050)
    i.app_collect_vibration                  0x08004008   Section        0  app_datacollect.o(i.app_collect_vibration)
    i.atan2f                                 0x0800410c   Section        0  atan2f.o(i.atan2f)
    i.esp_at_clear_rx_buffer                 0x080043b0   Section        0  esp_at.o(i.esp_at_clear_rx_buffer)
    i.esp_at_init                            0x080043d0   Section        0  esp_at.o(i.esp_at_init)
    i.esp_at_log_line                        0x080043ec   Section        0  esp_at.o(i.esp_at_log_line)
    esp_at_log_line                          0x080043ed   Thumb Code    52  esp_at.o(i.esp_at_log_line)
    i.esp_at_response_contains               0x0800442c   Section        0  esp_at.o(i.esp_at_response_contains)
    esp_at_response_contains                 0x0800442d   Thumb Code    22  esp_at.o(i.esp_at_response_contains)
    i.esp_at_rx_byte                         0x08004448   Section        0  esp_at.o(i.esp_at_rx_byte)
    i.esp_at_rx_cplt_isr                     0x08004490   Section        0  esp_at.o(i.esp_at_rx_cplt_isr)
    i.esp_at_send_cmd_wait                   0x0800449c   Section        0  esp_at.o(i.esp_at_send_cmd_wait)
    i.esp_at_send_raw                        0x080044c4   Section        0  esp_at.o(i.esp_at_send_raw)
    i.esp_at_wait_prompt                     0x08004504   Section        0  esp_at.o(i.esp_at_wait_prompt)
    i.esp_at_wait_response                   0x08004510   Section        0  esp_at.o(i.esp_at_wait_response)
    i.fputc                                  0x08004644   Section        0  usart.o(i.fputc)
    i.main                                   0x0800465c   Section        0  main.o(i.main)
    i.mpu6050_i2c_delay_us                   0x0800473c   Section        0  app_datacollect.o(i.mpu6050_i2c_delay_us)
    mpu6050_i2c_delay_us                     0x0800473d   Thumb Code    18  app_datacollect.o(i.mpu6050_i2c_delay_us)
    i.mpu6050_i2c_read_byte                  0x08004754   Section        0  app_datacollect.o(i.mpu6050_i2c_read_byte)
    mpu6050_i2c_read_byte                    0x08004755   Thumb Code   112  app_datacollect.o(i.mpu6050_i2c_read_byte)
    i.mpu6050_i2c_set_scl                    0x080047c8   Section        0  app_datacollect.o(i.mpu6050_i2c_set_scl)
    mpu6050_i2c_set_scl                      0x080047c9   Thumb Code    22  app_datacollect.o(i.mpu6050_i2c_set_scl)
    i.mpu6050_i2c_set_sda                    0x080047e4   Section        0  app_datacollect.o(i.mpu6050_i2c_set_sda)
    mpu6050_i2c_set_sda                      0x080047e5   Thumb Code    22  app_datacollect.o(i.mpu6050_i2c_set_sda)
    i.mpu6050_i2c_start                      0x08004800   Section        0  app_datacollect.o(i.mpu6050_i2c_start)
    mpu6050_i2c_start                        0x08004801   Thumb Code    34  app_datacollect.o(i.mpu6050_i2c_start)
    i.mpu6050_i2c_stop                       0x08004822   Section        0  app_datacollect.o(i.mpu6050_i2c_stop)
    mpu6050_i2c_stop                         0x08004823   Thumb Code    34  app_datacollect.o(i.mpu6050_i2c_stop)
    i.mpu6050_i2c_wait_ack                   0x08004844   Section        0  app_datacollect.o(i.mpu6050_i2c_wait_ack)
    mpu6050_i2c_wait_ack                     0x08004845   Thumb Code    72  app_datacollect.o(i.mpu6050_i2c_wait_ack)
    i.mpu6050_i2c_write_byte                 0x08004890   Section        0  app_datacollect.o(i.mpu6050_i2c_write_byte)
    mpu6050_i2c_write_byte                   0x08004891   Thumb Code    50  app_datacollect.o(i.mpu6050_i2c_write_byte)
    i.mpu6050_read_regs                      0x080048c2   Section        0  app_datacollect.o(i.mpu6050_read_regs)
    mpu6050_read_regs                        0x080048c3   Thumb Code   112  app_datacollect.o(i.mpu6050_read_regs)
    i.mpu6050_sda_input                      0x08004934   Section        0  app_datacollect.o(i.mpu6050_sda_input)
    mpu6050_sda_input                        0x08004935   Thumb Code    26  app_datacollect.o(i.mpu6050_sda_input)
    i.mpu6050_sda_output                     0x08004954   Section        0  app_datacollect.o(i.mpu6050_sda_output)
    mpu6050_sda_output                       0x08004955   Thumb Code    28  app_datacollect.o(i.mpu6050_sda_output)
    i.mpu6050_write_reg                      0x08004974   Section        0  app_datacollect.o(i.mpu6050_write_reg)
    mpu6050_write_reg                        0x08004975   Thumb Code    66  app_datacollect.o(i.mpu6050_write_reg)
    i.onenet_at_task                         0x080049b8   Section        0  onenet_at.o(i.onenet_at_task)
    i.onenet_bool_text                       0x08004a70   Section        0  onenet_payload.o(i.onenet_bool_text)
    onenet_bool_text                         0x08004a71   Thumb Code    10  onenet_payload.o(i.onenet_bool_text)
    i.onenet_build_property_payload          0x08004a8c   Section        0  onenet_payload.o(i.onenet_build_property_payload)
    i.onenet_esp_at_basic_init               0x08004b30   Section        0  onenet_at.o(i.onenet_esp_at_basic_init)
    onenet_esp_at_basic_init                 0x08004b31   Thumb Code   314  onenet_at.o(i.onenet_esp_at_basic_init)
    i.onenet_esp_at_publish                  0x08004dd8   Section        0  onenet_at.o(i.onenet_esp_at_publish)
    onenet_esp_at_publish                    0x08004dd9   Thumb Code   106  onenet_at.o(i.onenet_esp_at_publish)
    i.onenet_publish_sensor_snapshot         0x08004ed8   Section        0  onenet_at.o(i.onenet_publish_sensor_snapshot)
    onenet_publish_sensor_snapshot           0x08004ed9   Thumb Code   230  onenet_at.o(i.onenet_publish_sensor_snapshot)
    i.prvAddCurrentTaskToDelayedList         0x08005074   Section        0  tasks.o(i.prvAddCurrentTaskToDelayedList)
    prvAddCurrentTaskToDelayedList           0x08005075   Thumb Code   128  tasks.o(i.prvAddCurrentTaskToDelayedList)
    i.prvAddNewTaskToReadyList               0x080050fc   Section        0  tasks.o(i.prvAddNewTaskToReadyList)
    prvAddNewTaskToReadyList                 0x080050fd   Thumb Code   224  tasks.o(i.prvAddNewTaskToReadyList)
    i.prvDeleteTCB                           0x080051ec   Section        0  tasks.o(i.prvDeleteTCB)
    prvDeleteTCB                             0x080051ed   Thumb Code    20  tasks.o(i.prvDeleteTCB)
    i.prvHeapInit                            0x08005200   Section        0  heap_4.o(i.prvHeapInit)
    prvHeapInit                              0x08005201   Thumb Code    60  heap_4.o(i.prvHeapInit)
    i.prvIdleTask                            0x08005244   Section        0  tasks.o(i.prvIdleTask)
    prvIdleTask                              0x08005245   Thumb Code    82  tasks.o(i.prvIdleTask)
    i.prvInitialiseNewTask                   0x080052a4   Section        0  tasks.o(i.prvInitialiseNewTask)
    prvInitialiseNewTask                     0x080052a5   Thumb Code   132  tasks.o(i.prvInitialiseNewTask)
    i.prvInsertBlockIntoFreeList             0x08005328   Section        0  heap_4.o(i.prvInsertBlockIntoFreeList)
    prvInsertBlockIntoFreeList               0x08005329   Thumb Code    72  heap_4.o(i.prvInsertBlockIntoFreeList)
    i.prvResetNextTaskUnblockTime            0x08005374   Section        0  tasks.o(i.prvResetNextTaskUnblockTime)
    prvResetNextTaskUnblockTime              0x08005375   Thumb Code    24  tasks.o(i.prvResetNextTaskUnblockTime)
    i.prvTaskExitError                       0x08005390   Section        0  port.o(i.prvTaskExitError)
    prvTaskExitError                         0x08005391   Thumb Code    16  port.o(i.prvTaskExitError)
    i.pvPortMalloc                           0x080053a0   Section        0  heap_4.o(i.pvPortMalloc)
    i.pxPortInitialiseStack                  0x08005438   Section        0  port.o(i.pxPortInitialiseStack)
    i.sqrtf                                  0x0800545c   Section        0  sqrtf.o(i.sqrtf)
    i.uxListRemove                           0x08005488   Section        0  list.o(i.uxListRemove)
    i.vApplicationStackOverflowHook          0x080054b0   Section        0  main.o(i.vApplicationStackOverflowHook)
    i.vListInitialise                        0x080054f8   Section        0  list.o(i.vListInitialise)
    i.vListInitialiseItem                    0x0800550e   Section        0  list.o(i.vListInitialiseItem)
    i.vListInsert                            0x08005514   Section        0  list.o(i.vListInsert)
    i.vListInsertEnd                         0x08005544   Section        0  list.o(i.vListInsertEnd)
    i.vPortEnterCritical                     0x0800555c   Section        0  port.o(i.vPortEnterCritical)
    i.vPortExitCritical                      0x08005578   Section        0  port.o(i.vPortExitCritical)
    i.vPortFree                              0x0800558c   Section        0  heap_4.o(i.vPortFree)
    i.vPortSetupTimerInterrupt               0x080055d0   Section        0  port.o(i.vPortSetupTimerInterrupt)
    i.vTaskDelay                             0x080055e8   Section        0  tasks.o(i.vTaskDelay)
    i.vTaskDelete                            0x08005618   Section        0  tasks.o(i.vTaskDelete)
    i.vTaskStartScheduler                    0x080056b8   Section        0  tasks.o(i.vTaskStartScheduler)
    i.vTaskSuspendAll                        0x08005708   Section        0  tasks.o(i.vTaskSuspendAll)
    i.vTaskSwitchContext                     0x08005718   Section        0  tasks.o(i.vTaskSwitchContext)
    i.xPortStartScheduler                    0x08005788   Section        0  port.o(i.xPortStartScheduler)
    i.xPortSysTickHandler                    0x080057b8   Section        0  port.o(i.xPortSysTickHandler)
    i.xTaskCreate                            0x080057e4   Section        0  tasks.o(i.xTaskCreate)
    i.xTaskDelayUntil                        0x08005840   Section        0  tasks.o(i.xTaskDelayUntil)
    i.xTaskGetSchedulerState                 0x08005898   Section        0  tasks.o(i.xTaskGetSchedulerState)
    i.xTaskGetTickCount                      0x080058b4   Section        0  tasks.o(i.xTaskGetTickCount)
    i.xTaskIncrementTick                     0x080058c0   Section        0  tasks.o(i.xTaskIncrementTick)
    i.xTaskResumeAll                         0x080059e4   Section        0  tasks.o(i.xTaskResumeAll)
    .constdata                               0x08005b00   Section       18  stm32f1xx_hal_rcc.o(.constdata)
    aPredivFactorTable                       0x08005b00   Data           2  stm32f1xx_hal_rcc.o(.constdata)
    aPLLMULFactorTable                       0x08005b02   Data          16  stm32f1xx_hal_rcc.o(.constdata)
    .constdata                               0x08005b12   Section       18  stm32f1xx_hal_rcc_ex.o(.constdata)
    aPredivFactorTable                       0x08005b12   Data           2  stm32f1xx_hal_rcc_ex.o(.constdata)
    aPLLMULFactorTable                       0x08005b14   Data          16  stm32f1xx_hal_rcc_ex.o(.constdata)
    .constdata                               0x08005b24   Section       16  system_stm32f1xx.o(.constdata)
    .constdata                               0x08005b34   Section        8  system_stm32f1xx.o(.constdata)
    .conststring                             0x08005b3c   Section       79  main.o(.conststring)
    .conststring                             0x08005b8c   Section       75  app_datacollect.o(.conststring)
    .conststring                             0x08005bd8   Section      236  onenet_at.o(.conststring)
    .conststring                             0x08005cc4   Section      251  onenet_payload.o(.conststring)
    .data                                    0x20000000   Section        4  usart.o(.data)
    .data                                    0x20000004   Section       12  stm32f1xx_hal.o(.data)
    .data                                    0x20000010   Section        4  system_stm32f1xx.o(.data)
    .data                                    0x20000014   Section       16  app_datacollect.o(.data)
    dht11_init_ok                            0x20000014   Data           1  app_datacollect.o(.data)
    mpu6050_init_ok                          0x20000015   Data           1  app_datacollect.o(.data)
    last_tick                                0x20000018   Data           4  app_datacollect.o(.data)
    last_log_tick                            0x2000001c   Data           4  app_datacollect.o(.data)
    last_read_tick                           0x20000020   Data           4  app_datacollect.o(.data)
    .data                                    0x20000024   Section       20  app_task.o(.data)
    .data                                    0x20000038   Section        4  esp_at.o(.data)
    esp_at_rx_byte_buf                       0x20000038   Data           1  esp_at.o(.data)
    esp_at_rx_len                            0x2000003a   Data           2  esp_at.o(.data)
    .data                                    0x2000003c   Section       64  tasks.o(.data)
    uxDeletedTasksWaitingCleanUp             0x20000040   Data           4  tasks.o(.data)
    uxCurrentNumberOfTasks                   0x20000044   Data           4  tasks.o(.data)
    xTickCount                               0x20000048   Data           4  tasks.o(.data)
    uxTopReadyPriority                       0x2000004c   Data           4  tasks.o(.data)
    xSchedulerRunning                        0x20000050   Data           4  tasks.o(.data)
    xPendedTicks                             0x20000054   Data           4  tasks.o(.data)
    xYieldPending                            0x20000058   Data           4  tasks.o(.data)
    xNumOfOverflows                          0x2000005c   Data           4  tasks.o(.data)
    uxTaskNumber                             0x20000060   Data           4  tasks.o(.data)
    xNextTaskUnblockTime                     0x20000064   Data           4  tasks.o(.data)
    xIdleTaskHandle                          0x20000068   Data           4  tasks.o(.data)
    uxSchedulerSuspended                     0x20000070   Data           4  tasks.o(.data)
    pxDelayedTaskList                        0x20000074   Data           4  tasks.o(.data)
    pxOverflowDelayedTaskList                0x20000078   Data           4  tasks.o(.data)
    .data                                    0x2000007c   Section       28  heap_4.o(.data)
    pxEnd                                    0x2000007c   Data           4  heap_4.o(.data)
    xFreeBytesRemaining                      0x20000080   Data           4  heap_4.o(.data)
    xMinimumEverFreeBytesRemaining           0x20000084   Data           4  heap_4.o(.data)
    xNumberOfSuccessfulAllocations           0x20000088   Data           4  heap_4.o(.data)
    xNumberOfSuccessfulFrees                 0x2000008c   Data           4  heap_4.o(.data)
    xStart                                   0x20000090   Data           8  heap_4.o(.data)
    .data                                    0x20000098   Section        4  port.o(.data)
    uxCriticalNesting                        0x20000098   Data           4  port.o(.data)
    .data                                    0x2000009c   Section        4  errno.o(.data)
    _errno                                   0x2000009c   Data           4  errno.o(.data)
    .bss                                     0x200000a0   Section      116  adc.o(.bss)
    .bss                                     0x20000114   Section       88  spi.o(.bss)
    .bss                                     0x2000016c   Section      144  tim.o(.bss)
    .bss                                     0x200001fc   Section      144  usart.o(.bss)
    .bss                                     0x2000028c   Section       36  app_datacollect.o(.bss)
    value                                    0x2000028c   Data          36  app_datacollect.o(.bss)
    .bss                                     0x200002b0   Section     2048  esp_at.o(.bss)
    esp_at_rx_buf                            0x200002b0   Data        2048  esp_at.o(.bss)
    .bss                                     0x20000ab0   Section      740  tasks.o(.bss)
    pxReadyTasksLists                        0x20000ab0   Data         640  tasks.o(.bss)
    xDelayedTaskList1                        0x20000d30   Data          20  tasks.o(.bss)
    xDelayedTaskList2                        0x20000d44   Data          20  tasks.o(.bss)
    xPendingReadyList                        0x20000d58   Data          20  tasks.o(.bss)
    xTasksWaitingTermination                 0x20000d6c   Data          20  tasks.o(.bss)
    xSuspendedTaskList                       0x20000d80   Data          20  tasks.o(.bss)
    .bss                                     0x20000d94   Section    15360  heap_4.o(.bss)
    ucHeap                                   0x20000d94   Data       15360  heap_4.o(.bss)
    STACK                                    0x20004998   Section     1024  startup_stm32f103xb.o(STACK)

    Global Symbols

    Symbol Name                              Value     Ov Type        Size  Object(Section)

    BuildAttributes$$THM_ISAv4$P$D$K$B$S$PE$A:L22UL41UL21$X:L11$S22US41US21$IEEE1$IW$USESV6$~STKCKD$USESV7$~SHL$OTIME$ROPI$IEEEX$EBA8$MICROLIB$REQ8$PRES8$EABIv2 0x00000000   Number         0  anon$$obj.o ABSOLUTE
    __ARM_use_no_argv                        0x00000000   Number         0  main.o ABSOLUTE
    _printf_a                                0x00000000   Number         0  stubs.o ABSOLUTE
    _printf_c                                0x00000000   Number         0  stubs.o ABSOLUTE
    _printf_charcount                        0x00000000   Number         0  stubs.o ABSOLUTE
    _printf_d                                0x00000000   Number         0  stubs.o ABSOLUTE
    _printf_e                                0x00000000   Number         0  stubs.o ABSOLUTE
    _printf_f                                0x00000000   Number         0  stubs.o ABSOLUTE
    _printf_flags                            0x00000000   Number         0  stubs.o ABSOLUTE
    _printf_fp_dec                           0x00000000   Number         0  stubs.o ABSOLUTE
    _printf_fp_hex                           0x00000000   Number         0  stubs.o ABSOLUTE
    _printf_g                                0x00000000   Number         0  stubs.o ABSOLUTE
    _printf_i                                0x00000000   Number         0  stubs.o ABSOLUTE
    _printf_int_dec                          0x00000000   Number         0  stubs.o ABSOLUTE
    _printf_l                                0x00000000   Number         0  stubs.o ABSOLUTE
    _printf_lc                               0x00000000   Number         0  stubs.o ABSOLUTE
    _printf_ll                               0x00000000   Number         0  stubs.o ABSOLUTE
    _printf_lld                              0x00000000   Number         0  stubs.o ABSOLUTE
    _printf_lli                              0x00000000   Number         0  stubs.o ABSOLUTE
    _printf_llo                              0x00000000   Number         0  stubs.o ABSOLUTE
    _printf_llu                              0x00000000   Number         0  stubs.o ABSOLUTE
    _printf_llx                              0x00000000   Number         0  stubs.o ABSOLUTE
    _printf_longlong_dec                     0x00000000   Number         0  stubs.o ABSOLUTE
    _printf_longlong_hex                     0x00000000   Number         0  stubs.o ABSOLUTE
    _printf_longlong_oct                     0x00000000   Number         0  stubs.o ABSOLUTE
    _printf_ls                               0x00000000   Number         0  stubs.o ABSOLUTE
    _printf_mbtowc                           0x00000000   Number         0  stubs.o ABSOLUTE
    _printf_n                                0x00000000   Number         0  stubs.o ABSOLUTE
    _printf_o                                0x00000000   Number         0  stubs.o ABSOLUTE
    _printf_p                                0x00000000   Number         0  stubs.o ABSOLUTE
    _printf_percent                          0x00000000   Number         0  stubs.o ABSOLUTE
    _printf_pre_padding                      0x00000000   Number         0  stubs.o ABSOLUTE
    _printf_return_value                     0x00000000   Number         0  stubs.o ABSOLUTE
    _printf_s                                0x00000000   Number         0  stubs.o ABSOLUTE
    _printf_sizespec                         0x00000000   Number         0  stubs.o ABSOLUTE
    _printf_str                              0x00000000   Number         0  stubs.o ABSOLUTE
    _printf_truncate_signed                  0x00000000   Number         0  stubs.o ABSOLUTE
    _printf_truncate_unsigned                0x00000000   Number         0  stubs.o ABSOLUTE
    _printf_u                                0x00000000   Number         0  stubs.o ABSOLUTE
    _printf_wc                               0x00000000   Number         0  stubs.o ABSOLUTE
    _printf_wctomb                           0x00000000   Number         0  stubs.o ABSOLUTE
    _printf_widthprec                        0x00000000   Number         0  stubs.o ABSOLUTE
    _printf_x                                0x00000000   Number         0  stubs.o ABSOLUTE
    __arm_fini_                               - Undefined Weak Reference
    __cpp_initialize__aeabi_                  - Undefined Weak Reference
    __cxa_finalize                            - Undefined Weak Reference
    __decompress                              - Undefined Weak Reference
    _clock_init                               - Undefined Weak Reference
    _microlib_exit                            - Undefined Weak Reference
    _scanf_int                                - Undefined Weak Reference
    _scanf_longlong                           - Undefined Weak Reference
    _scanf_string                             - Undefined Weak Reference
    __Vectors_Size                           0x000000ec   Number         0  startup_stm32f103xb.o ABSOLUTE
    __Vectors                                0x08000000   Data           4  startup_stm32f103xb.o(RESET)
    __Vectors_End                            0x080000ec   Data           0  startup_stm32f103xb.o(RESET)
    __main                                   0x080000ed   Thumb Code     0  entry.o(.ARM.Collect$$$$00000000)
    _main_stk                                0x080000ed   Thumb Code     0  entry2.o(.ARM.Collect$$$$00000001)
    _main_scatterload                        0x080000f1   Thumb Code     0  entry5.o(.ARM.Collect$$$$00000004)
    __main_after_scatterload                 0x080000f5   Thumb Code     0  entry5.o(.ARM.Collect$$$$00000004)
    _main_clock                              0x080000f5   Thumb Code     0  entry7b.o(.ARM.Collect$$$$00000008)
    _main_cpp_init                           0x080000f5   Thumb Code     0  entry8b.o(.ARM.Collect$$$$0000000A)
    _main_init                               0x080000f5   Thumb Code     0  entry9a.o(.ARM.Collect$$$$0000000B)
    __rt_lib_shutdown_fini                   0x080000fd   Thumb Code     0  entry12b.o(.ARM.Collect$$$$0000000E)
    __rt_final_cpp                           0x08000101   Thumb Code     0  entry10a.o(.ARM.Collect$$$$0000000F)
    __rt_final_exit                          0x08000101   Thumb Code     0  entry11a.o(.ARM.Collect$$$$00000011)
    SVC_Handler                              0x08000105   Thumb Code    32  port.o(.emb_text)
    __asm___6_port_c_39a90d8d__prvStartFirstTask 0x08000129   Thumb Code    28  port.o(.emb_text)
    PendSV_Handler                           0x08000149   Thumb Code    72  port.o(.emb_text)
    vPortGetIPSR                             0x08000195   Thumb Code     6  port.o(.emb_text)
    Reset_Handler                            0x0800019d   Thumb Code     8  startup_stm32f103xb.o(.text)
    ADC1_2_IRQHandler                        0x080001b7   Thumb Code     0  startup_stm32f103xb.o(.text)
    CAN1_RX1_IRQHandler                      0x080001b7   Thumb Code     0  startup_stm32f103xb.o(.text)
    CAN1_SCE_IRQHandler                      0x080001b7   Thumb Code     0  startup_stm32f103xb.o(.text)
    DMA1_Channel2_IRQHandler                 0x080001b7   Thumb Code     0  startup_stm32f103xb.o(.text)
    DMA1_Channel3_IRQHandler                 0x080001b7   Thumb Code     0  startup_stm32f103xb.o(.text)
    DMA1_Channel4_IRQHandler                 0x080001b7   Thumb Code     0  startup_stm32f103xb.o(.text)
    DMA1_Channel5_IRQHandler                 0x080001b7   Thumb Code     0  startup_stm32f103xb.o(.text)
    DMA1_Channel6_IRQHandler                 0x080001b7   Thumb Code     0  startup_stm32f103xb.o(.text)
    DMA1_Channel7_IRQHandler                 0x080001b7   Thumb Code     0  startup_stm32f103xb.o(.text)
    EXTI0_IRQHandler                         0x080001b7   Thumb Code     0  startup_stm32f103xb.o(.text)
    EXTI15_10_IRQHandler                     0x080001b7   Thumb Code     0  startup_stm32f103xb.o(.text)
    EXTI1_IRQHandler                         0x080001b7   Thumb Code     0  startup_stm32f103xb.o(.text)
    EXTI2_IRQHandler                         0x080001b7   Thumb Code     0  startup_stm32f103xb.o(.text)
    EXTI3_IRQHandler                         0x080001b7   Thumb Code     0  startup_stm32f103xb.o(.text)
    EXTI4_IRQHandler                         0x080001b7   Thumb Code     0  startup_stm32f103xb.o(.text)
    EXTI9_5_IRQHandler                       0x080001b7   Thumb Code     0  startup_stm32f103xb.o(.text)
    FLASH_IRQHandler                         0x080001b7   Thumb Code     0  startup_stm32f103xb.o(.text)
    I2C1_ER_IRQHandler                       0x080001b7   Thumb Code     0  startup_stm32f103xb.o(.text)
    I2C1_EV_IRQHandler                       0x080001b7   Thumb Code     0  startup_stm32f103xb.o(.text)
    I2C2_ER_IRQHandler                       0x080001b7   Thumb Code     0  startup_stm32f103xb.o(.text)
    I2C2_EV_IRQHandler                       0x080001b7   Thumb Code     0  startup_stm32f103xb.o(.text)
    PVD_IRQHandler                           0x080001b7   Thumb Code     0  startup_stm32f103xb.o(.text)
    RCC_IRQHandler                           0x080001b7   Thumb Code     0  startup_stm32f103xb.o(.text)
    RTC_Alarm_IRQHandler                     0x080001b7   Thumb Code     0  startup_stm32f103xb.o(.text)
    RTC_IRQHandler                           0x080001b7   Thumb Code     0  startup_stm32f103xb.o(.text)
    SPI1_IRQHandler                          0x080001b7   Thumb Code     0  startup_stm32f103xb.o(.text)
    SPI2_IRQHandler                          0x080001b7   Thumb Code     0  startup_stm32f103xb.o(.text)
    TAMPER_IRQHandler                        0x080001b7   Thumb Code     0  startup_stm32f103xb.o(.text)
    TIM1_BRK_IRQHandler                      0x080001b7   Thumb Code     0  startup_stm32f103xb.o(.text)
    TIM1_CC_IRQHandler                       0x080001b7   Thumb Code     0  startup_stm32f103xb.o(.text)
    TIM1_TRG_COM_IRQHandler                  0x080001b7   Thumb Code     0  startup_stm32f103xb.o(.text)
    TIM1_UP_IRQHandler                       0x080001b7   Thumb Code     0  startup_stm32f103xb.o(.text)
    TIM3_IRQHandler                          0x080001b7   Thumb Code     0  startup_stm32f103xb.o(.text)
    TIM4_IRQHandler                          0x080001b7   Thumb Code     0  startup_stm32f103xb.o(.text)
    USART3_IRQHandler                        0x080001b7   Thumb Code     0  startup_stm32f103xb.o(.text)
    USBWakeUp_IRQHandler                     0x080001b7   Thumb Code     0  startup_stm32f103xb.o(.text)
    USB_HP_CAN1_TX_IRQHandler                0x080001b7   Thumb Code     0  startup_stm32f103xb.o(.text)
    USB_LP_CAN1_RX0_IRQHandler               0x080001b7   Thumb Code     0  startup_stm32f103xb.o(.text)
    WWDG_IRQHandler                          0x080001b7   Thumb Code     0  startup_stm32f103xb.o(.text)
    __aeabi_llsr                             0x080001c1   Thumb Code    32  llushr.o(.text)
    _ll_ushift_r                             0x080001c1   Thumb Code     0  llushr.o(.text)
    __aeabi_memcpy                           0x080001e1   Thumb Code    36  memcpya.o(.text)
    __aeabi_memcpy4                          0x080001e1   Thumb Code     0  memcpya.o(.text)
    __aeabi_memcpy8                          0x080001e1   Thumb Code     0  memcpya.o(.text)
    __aeabi_memset                           0x08000205   Thumb Code    14  memseta.o(.text)
    __aeabi_memset4                          0x08000205   Thumb Code     0  memseta.o(.text)
    __aeabi_memset8                          0x08000205   Thumb Code     0  memseta.o(.text)
    __aeabi_memclr                           0x08000213   Thumb Code     4  memseta.o(.text)
    __aeabi_memclr4                          0x08000213   Thumb Code     0  memseta.o(.text)
    __aeabi_memclr8                          0x08000213   Thumb Code     0  memseta.o(.text)
    _memset$wrapper                          0x08000217   Thumb Code    18  memseta.o(.text)
    strstr                                   0x08000229   Thumb Code    36  strstr.o(.text)
    strlen                                   0x0800024d   Thumb Code    14  strlen.o(.text)
    __aeabi_fadd                             0x0800025b   Thumb Code   164  fadd.o(.text)
    __aeabi_fsub                             0x080002ff   Thumb Code     6  fadd.o(.text)
    __aeabi_frsub                            0x08000305   Thumb Code     6  fadd.o(.text)
    __aeabi_fmul                             0x0800030b   Thumb Code   100  fmul.o(.text)
    __aeabi_fdiv                             0x0800036f   Thumb Code   124  fdiv.o(.text)
    __aeabi_dadd                             0x080003eb   Thumb Code   322  dadd.o(.text)
    __aeabi_dsub                             0x0800052d   Thumb Code     6  dadd.o(.text)
    __aeabi_drsub                            0x08000533   Thumb Code     6  dadd.o(.text)
    __aeabi_dmul                             0x08000539   Thumb Code   228  dmul.o(.text)
    __aeabi_i2f                              0x0800061d   Thumb Code    18  fflti.o(.text)
    __aeabi_ui2f                             0x0800062f   Thumb Code    10  ffltui.o(.text)
    __aeabi_f2iz                             0x08000639   Thumb Code    50  ffixi.o(.text)
    __aeabi_f2d                              0x0800066b   Thumb Code    38  f2d.o(.text)
    __aeabi_cdrcmple                         0x08000691   Thumb Code    48  cdrcmple.o(.text)
    __aeabi_uidiv                            0x080006c1   Thumb Code     0  uidiv.o(.text)
    __aeabi_uidivmod                         0x080006c1   Thumb Code    44  uidiv.o(.text)
    __aeabi_uldivmod                         0x080006ed   Thumb Code    98  uldiv.o(.text)
    __aeabi_llsl                             0x0800074f   Thumb Code    30  llshl.o(.text)
    _ll_shift_l                              0x0800074f   Thumb Code     0  llshl.o(.text)
    __aeabi_lasr                             0x0800076d   Thumb Code    36  llsshr.o(.text)
    _ll_sshift_r                             0x0800076d   Thumb Code     0  llsshr.o(.text)
    __I$use$fp                               0x08000791   Thumb Code     0  iusefp.o(.text)
    _float_round                             0x08000791   Thumb Code    18  fepilogue.o(.text)
    _float_epilogue                          0x080007a3   Thumb Code    92  fepilogue.o(.text)
    _fsqrt                                   0x080007ff   Thumb Code    94  fsqrt.o(.text)
    _double_round                            0x0800085d   Thumb Code    30  depilogue.o(.text)
    _double_epilogue                         0x0800087b   Thumb Code   156  depilogue.o(.text)
    __aeabi_ddiv                             0x08000917   Thumb Code   222  ddiv.o(.text)
    __aeabi_d2ulz                            0x080009f5   Thumb Code    48  dfixul.o(.text)
    __scatterload                            0x08000a25   Thumb Code    28  init.o(.text)
    __scatterload_rt2                        0x08000a25   Thumb Code     0  init.o(.text)
    __ARM_scalbnf                            0x08000a49   Thumb Code    24  fscalb.o(.text)
    scalbnf                                  0x08000a49   Thumb Code     0  fscalb.o(.text)
    ADC_ConversionStop_Disable               0x08000a61   Thumb Code    86  stm32f1xx_hal_adc.o(i.ADC_ConversionStop_Disable)
    ADC_Enable                               0x08000ab9   Thumb Code   114  stm32f1xx_hal_adc.o(i.ADC_Enable)
    BusFault_Handler                         0x08000bcd   Thumb Code     2  stm32f1xx_it.o(i.BusFault_Handler)
    DHT11_Check                              0x08000bd1   Thumb Code   102  dht11_hal.o(i.DHT11_Check)
    DHT11_Delay_us                           0x08000c3d   Thumb Code    18  dht11_hal.o(i.DHT11_Delay_us)
    DHT11_Init                               0x08000c55   Thumb Code    74  dht11_hal.o(i.DHT11_Init)
    DHT11_Read_Bit                           0x08000ca9   Thumb Code   104  dht11_hal.o(i.DHT11_Read_Bit)
    DHT11_Read_Byte                          0x08000d15   Thumb Code    26  dht11_hal.o(i.DHT11_Read_Byte)
    DHT11_Read_Data                          0x08000d2f   Thumb Code    82  dht11_hal.o(i.DHT11_Read_Data)
    DHT11_Rst                                0x08000d81   Thumb Code    60  dht11_hal.o(i.DHT11_Rst)
    DMA1_Channel1_IRQHandler                 0x08000dc1   Thumb Code     6  stm32f1xx_it.o(i.DMA1_Channel1_IRQHandler)
    DebugMon_Handler                         0x08000dcd   Thumb Code     2  stm32f1xx_it.o(i.DebugMon_Handler)
    Error_Handler                            0x08000dcf   Thumb Code     4  main.o(i.Error_Handler)
    FreeRTOS_Start                           0x08000dd5   Thumb Code    30  app_task.o(i.FreeRTOS_Start)
    HAL_ADCEx_Calibration_Start              0x08000e09   Thumb Code   210  stm32f1xx_hal_adc_ex.o(i.HAL_ADCEx_Calibration_Start)
    HAL_ADC_ConfigChannel                    0x08000ee1   Thumb Code   240  stm32f1xx_hal_adc.o(i.HAL_ADC_ConfigChannel)
    HAL_ADC_GetValue                         0x08000fdd   Thumb Code     6  stm32f1xx_hal_adc.o(i.HAL_ADC_GetValue)
    HAL_ADC_Init                             0x08000fe5   Thumb Code   272  stm32f1xx_hal_adc.o(i.HAL_ADC_Init)
    HAL_ADC_MspInit                          0x08001101   Thumb Code   124  adc.o(i.HAL_ADC_MspInit)
    HAL_ADC_PollForConversion                0x08001191   Thumb Code   304  stm32f1xx_hal_adc.o(i.HAL_ADC_PollForConversion)
    HAL_ADC_Start                            0x080012cd   Thumb Code   184  stm32f1xx_hal_adc.o(i.HAL_ADC_Start)
    HAL_ADC_Stop                             0x0800138d   Thumb Code    52  stm32f1xx_hal_adc.o(i.HAL_ADC_Stop)
    HAL_DMA_Abort                            0x080013c1   Thumb Code    70  stm32f1xx_hal_dma.o(i.HAL_DMA_Abort)
    HAL_DMA_Abort_IT                         0x08001409   Thumb Code   148  stm32f1xx_hal_dma.o(i.HAL_DMA_Abort_IT)
    HAL_DMA_IRQHandler                       0x080014a1   Thumb Code   316  stm32f1xx_hal_dma.o(i.HAL_DMA_IRQHandler)
    HAL_DMA_Init                             0x080015f5   Thumb Code    84  stm32f1xx_hal_dma.o(i.HAL_DMA_Init)
    HAL_Delay                                0x08001651   Thumb Code    32  stm32f1xx_hal.o(i.HAL_Delay)
    HAL_GPIO_Init                            0x08001675   Thumb Code   446  stm32f1xx_hal_gpio.o(i.HAL_GPIO_Init)
    HAL_GPIO_ReadPin                         0x08001855   Thumb Code    10  stm32f1xx_hal_gpio.o(i.HAL_GPIO_ReadPin)
    HAL_GPIO_WritePin                        0x0800185f   Thumb Code    10  stm32f1xx_hal_gpio.o(i.HAL_GPIO_WritePin)
    HAL_GetTick                              0x08001869   Thumb Code     6  stm32f1xx_hal.o(i.HAL_GetTick)
    HAL_IncTick                              0x08001875   Thumb Code    12  stm32f1xx_hal.o(i.HAL_IncTick)
    HAL_Init                                 0x08001885   Thumb Code    32  stm32f1xx_hal.o(i.HAL_Init)
    HAL_InitTick                             0x080018a9   Thumb Code    54  stm32f1xx_hal.o(i.HAL_InitTick)
    HAL_MspInit                              0x080018e9   Thumb Code    52  stm32f1xx_hal_msp.o(i.HAL_MspInit)
    HAL_NVIC_EnableIRQ                       0x08001925   Thumb Code    26  stm32f1xx_hal_cortex.o(i.HAL_NVIC_EnableIRQ)
    HAL_NVIC_SetPriority                     0x08001941   Thumb Code    60  stm32f1xx_hal_cortex.o(i.HAL_NVIC_SetPriority)
    HAL_NVIC_SetPriorityGrouping             0x08001981   Thumb Code    26  stm32f1xx_hal_cortex.o(i.HAL_NVIC_SetPriorityGrouping)
    HAL_RCCEx_GetPeriphCLKFreq               0x080019a5   Thumb Code   148  stm32f1xx_hal_rcc_ex.o(i.HAL_RCCEx_GetPeriphCLKFreq)
    HAL_RCCEx_PeriphCLKConfig                0x08001a49   Thumb Code   224  stm32f1xx_hal_rcc_ex.o(i.HAL_RCCEx_PeriphCLKConfig)
    HAL_RCC_ClockConfig                      0x08001b35   Thumb Code   280  stm32f1xx_hal_rcc.o(i.HAL_RCC_ClockConfig)
    HAL_RCC_GetPCLK1Freq                     0x08001c61   Thumb Code    20  stm32f1xx_hal_rcc.o(i.HAL_RCC_GetPCLK1Freq)
    HAL_RCC_GetPCLK2Freq                     0x08001c81   Thumb Code    20  stm32f1xx_hal_rcc.o(i.HAL_RCC_GetPCLK2Freq)
    HAL_RCC_GetSysClockFreq                  0x08001ca1   Thumb Code    58  stm32f1xx_hal_rcc.o(i.HAL_RCC_GetSysClockFreq)
    HAL_RCC_OscConfig                        0x08001ced   Thumb Code   778  stm32f1xx_hal_rcc.o(i.HAL_RCC_OscConfig)
    HAL_SPI_Init                             0x0800200d   Thumb Code   178  stm32f1xx_hal_spi.o(i.HAL_SPI_Init)
    HAL_SPI_MspInit                          0x080020c1   Thumb Code    80  spi.o(i.HAL_SPI_MspInit)
    HAL_SYSTICK_Config                       0x0800211d   Thumb Code    40  stm32f1xx_hal_cortex.o(i.HAL_SYSTICK_Config)
    HAL_TIMEx_BreakCallback                  0x08002145   Thumb Code     2  stm32f1xx_hal_tim_ex.o(i.HAL_TIMEx_BreakCallback)
    HAL_TIMEx_CommutCallback                 0x08002147   Thumb Code     2  stm32f1xx_hal_tim_ex.o(i.HAL_TIMEx_CommutCallback)
    HAL_TIMEx_MasterConfigSynchronization    0x08002149   Thumb Code    92  stm32f1xx_hal_tim_ex.o(i.HAL_TIMEx_MasterConfigSynchronization)
    HAL_TIM_Base_Init                        0x080021b1   Thumb Code    90  stm32f1xx_hal_tim.o(i.HAL_TIM_Base_Init)
    HAL_TIM_Base_MspInit                     0x0800220d   Thumb Code    72  tim.o(i.HAL_TIM_Base_MspInit)
    HAL_TIM_Base_Start                       0x0800225d   Thumb Code    66  stm32f1xx_hal_tim.o(i.HAL_TIM_Base_Start)
    HAL_TIM_ConfigClockSource                0x080022ad   Thumb Code   220  stm32f1xx_hal_tim.o(i.HAL_TIM_ConfigClockSource)
    HAL_TIM_IC_CaptureCallback               0x08002389   Thumb Code     2  stm32f1xx_hal_tim.o(i.HAL_TIM_IC_CaptureCallback)
    HAL_TIM_IRQHandler                       0x0800238b   Thumb Code   304  stm32f1xx_hal_tim.o(i.HAL_TIM_IRQHandler)
    HAL_TIM_OC_DelayElapsedCallback          0x080024bb   Thumb Code     2  stm32f1xx_hal_tim.o(i.HAL_TIM_OC_DelayElapsedCallback)
    HAL_TIM_PWM_PulseFinishedCallback        0x080024bd   Thumb Code     2  stm32f1xx_hal_tim.o(i.HAL_TIM_PWM_PulseFinishedCallback)
    HAL_TIM_PeriodElapsedCallback            0x080024bf   Thumb Code     2  stm32f1xx_hal_tim.o(i.HAL_TIM_PeriodElapsedCallback)
    HAL_TIM_TriggerCallback                  0x080024c1   Thumb Code     2  stm32f1xx_hal_tim.o(i.HAL_TIM_TriggerCallback)
    HAL_UARTEx_RxEventCallback               0x080024c3   Thumb Code     2  stm32f1xx_hal_uart.o(i.HAL_UARTEx_RxEventCallback)
    HAL_UART_ErrorCallback                   0x080024c5   Thumb Code     2  stm32f1xx_hal_uart.o(i.HAL_UART_ErrorCallback)
    HAL_UART_IRQHandler                      0x080024c9   Thumb Code   616  stm32f1xx_hal_uart.o(i.HAL_UART_IRQHandler)
    HAL_UART_Init                            0x08002735   Thumb Code   100  stm32f1xx_hal_uart.o(i.HAL_UART_Init)
    HAL_UART_MspInit                         0x08002799   Thumb Code   198  usart.o(i.HAL_UART_MspInit)
    HAL_UART_Receive_IT                      0x08002871   Thumb Code    28  stm32f1xx_hal_uart.o(i.HAL_UART_Receive_IT)
    HAL_UART_RxCpltCallback                  0x0800288d   Thumb Code    14  stm32f1xx_it.o(i.HAL_UART_RxCpltCallback)
    HAL_UART_Transmit                        0x080028a1   Thumb Code   160  stm32f1xx_hal_uart.o(i.HAL_UART_Transmit)
    HAL_UART_TxCpltCallback                  0x08002941   Thumb Code     2  stm32f1xx_hal_uart.o(i.HAL_UART_TxCpltCallback)
    HardFault_Handler                        0x08002943   Thumb Code     2  stm32f1xx_it.o(i.HardFault_Handler)
    MX_ADC1_Init                             0x08002945   Thumb Code    68  adc.o(i.MX_ADC1_Init)
    MX_DMA_Init                              0x08002991   Thumb Code    40  dma.o(i.MX_DMA_Init)
    MX_GPIO_Init                             0x080029bd   Thumb Code   164  gpio.o(i.MX_GPIO_Init)
    MX_SPI1_Init                             0x08002a6d   Thumb Code    66  spi.o(i.MX_SPI1_Init)
    MX_TIM2_Init                             0x08002ab9   Thumb Code    96  tim.o(i.MX_TIM2_Init)
    MX_TIM3_Init                             0x08002b1d   Thumb Code    94  tim.o(i.MX_TIM3_Init)
    MX_USART1_UART_Init                      0x08002b85   Thumb Code    48  usart.o(i.MX_USART1_UART_Init)
    MX_USART2_UART_Init                      0x08002bbd   Thumb Code    48  usart.o(i.MX_USART2_UART_Init)
    MemManage_Handler                        0x08002bf5   Thumb Code     2  stm32f1xx_it.o(i.MemManage_Handler)
    NMI_Handler                              0x08002bf7   Thumb Code     2  stm32f1xx_it.o(i.NMI_Handler)
    SysTick_Handler                          0x08002d21   Thumb Code    24  stm32f1xx_it.o(i.SysTick_Handler)
    SystemClock_Config                       0x08002d39   Thumb Code   120  main.o(i.SystemClock_Config)
    SystemInit                               0x08002db1   Thumb Code     2  system_stm32f1xx.o(i.SystemInit)
    TIM2_IRQHandler                          0x08002db5   Thumb Code     6  stm32f1xx_it.o(i.TIM2_IRQHandler)
    TIM_Base_SetConfig                       0x08002dc1   Thumb Code   108  stm32f1xx_hal_tim.o(i.TIM_Base_SetConfig)
    TIM_ETR_SetConfig                        0x08002e39   Thumb Code    20  stm32f1xx_hal_tim.o(i.TIM_ETR_SetConfig)
    UART_Start_Receive_IT                    0x0800307d   Thumb Code    54  stm32f1xx_hal_uart.o(i.UART_Start_Receive_IT)
    USART1_DebugWrite                        0x08003125   Thumb Code    34  usart.o(i.USART1_DebugWrite)
    USART1_IRQHandler                        0x0800314d   Thumb Code     6  stm32f1xx_it.o(i.USART1_IRQHandler)
    USART2_IRQHandler                        0x08003159   Thumb Code     6  stm32f1xx_it.o(i.USART2_IRQHandler)
    UsageFault_Handler                       0x08003165   Thumb Code     2  stm32f1xx_it.o(i.UsageFault_Handler)
    __0printf                                0x08003169   Thumb Code    22  printfa.o(i.__0printf)
    __1printf                                0x08003169   Thumb Code     0  printfa.o(i.__0printf)
    __2printf                                0x08003169   Thumb Code     0  printfa.o(i.__0printf)
    __c89printf                              0x08003169   Thumb Code     0  printfa.o(i.__0printf)
    printf                                   0x08003169   Thumb Code     0  printfa.o(i.__0printf)
    __0snprintf                              0x08003189   Thumb Code    48  printfa.o(i.__0snprintf)
    __1snprintf                              0x08003189   Thumb Code     0  printfa.o(i.__0snprintf)
    __2snprintf                              0x08003189   Thumb Code     0  printfa.o(i.__0snprintf)
    __c89snprintf                            0x08003189   Thumb Code     0  printfa.o(i.__0snprintf)
    snprintf                                 0x08003189   Thumb Code     0  printfa.o(i.__0snprintf)
    __ARM_fpclassifyf                        0x080031bd   Thumb Code    38  fpclassifyf.o(i.__ARM_fpclassifyf)
    __mathlib_flt_infnan2                    0x08003203   Thumb Code     4  funder.o(i.__mathlib_flt_infnan2)
    __mathlib_flt_underflow                  0x08003207   Thumb Code    10  funder.o(i.__mathlib_flt_underflow)
    __scatterload_copy                       0x08003211   Thumb Code    14  handlers.o(i.__scatterload_copy)
    __scatterload_null                       0x0800321f   Thumb Code     2  handlers.o(i.__scatterload_null)
    __scatterload_zeroinit                   0x08003221   Thumb Code    14  handlers.o(i.__scatterload_zeroinit)
    __set_errno                              0x08003231   Thumb Code     6  errno.o(i.__set_errno)
    app_collect_dht11                        0x08003add   Thumb Code   132  app_datacollect.o(i.app_collect_dht11)
    app_collect_get_snapshot                 0x08003c31   Thumb Code    14  app_datacollect.o(i.app_collect_get_snapshot)
    app_collect_init                         0x08003c45   Thumb Code   204  app_datacollect.o(i.app_collect_init)
    app_collect_vibration                    0x08004009   Thumb Code   204  app_datacollect.o(i.app_collect_vibration)
    atan2f                                   0x0800410d   Thumb Code   598  atan2f.o(i.atan2f)
    esp_at_clear_rx_buffer                   0x080043b1   Thumb Code    24  esp_at.o(i.esp_at_clear_rx_buffer)
    esp_at_init                              0x080043d1   Thumb Code    20  esp_at.o(i.esp_at_init)
    esp_at_rx_byte                           0x08004449   Thumb Code    58  esp_at.o(i.esp_at_rx_byte)
    esp_at_rx_cplt_isr                       0x08004491   Thumb Code     8  esp_at.o(i.esp_at_rx_cplt_isr)
    esp_at_send_cmd_wait                     0x0800449d   Thumb Code    38  esp_at.o(i.esp_at_send_cmd_wait)
    esp_at_send_raw                          0x080044c5   Thumb Code    46  esp_at.o(i.esp_at_send_raw)
    esp_at_wait_prompt                       0x08004505   Thumb Code     8  esp_at.o(i.esp_at_wait_prompt)
    esp_at_wait_response                     0x08004511   Thumb Code   130  esp_at.o(i.esp_at_wait_response)
    fputc                                    0x08004645   Thumb Code    20  usart.o(i.fputc)
    main                                     0x0800465d   Thumb Code   100  main.o(i.main)
    onenet_at_task                           0x080049b9   Thumb Code    74  onenet_at.o(i.onenet_at_task)
    onenet_build_property_payload            0x08004a8d   Thumb Code   160  onenet_payload.o(i.onenet_build_property_payload)
    pvPortMalloc                             0x080053a1   Thumb Code   146  heap_4.o(i.pvPortMalloc)
    pxPortInitialiseStack                    0x08005439   Thumb Code    32  port.o(i.pxPortInitialiseStack)
    sqrtf                                    0x0800545d   Thumb Code    44  sqrtf.o(i.sqrtf)
    uxListRemove                             0x08005489   Thumb Code    38  list.o(i.uxListRemove)
    vApplicationStackOverflowHook            0x080054b1   Thumb Code    14  main.o(i.vApplicationStackOverflowHook)
    vListInitialise                          0x080054f9   Thumb Code    22  list.o(i.vListInitialise)
    vListInitialiseItem                      0x0800550f   Thumb Code     6  list.o(i.vListInitialiseItem)
    vListInsert                              0x08005515   Thumb Code    48  list.o(i.vListInsert)
    vListInsertEnd                           0x08005545   Thumb Code    24  list.o(i.vListInsertEnd)
    vPortEnterCritical                       0x0800555d   Thumb Code    24  port.o(i.vPortEnterCritical)
    vPortExitCritical                        0x08005579   Thumb Code    16  port.o(i.vPortExitCritical)
    vPortFree                                0x0800558d   Thumb Code    64  heap_4.o(i.vPortFree)
    vPortSetupTimerInterrupt                 0x080055d1   Thumb Code    20  port.o(i.vPortSetupTimerInterrupt)
    vTaskDelay                               0x080055e9   Thumb Code    44  tasks.o(i.vTaskDelay)
    vTaskDelete                              0x08005619   Thumb Code   142  tasks.o(i.vTaskDelete)
    vTaskStartScheduler                      0x080056b9   Thumb Code    64  tasks.o(i.vTaskStartScheduler)
    vTaskSuspendAll                          0x08005709   Thumb Code    10  tasks.o(i.vTaskSuspendAll)
    vTaskSwitchContext                       0x08005719   Thumb Code   104  tasks.o(i.vTaskSwitchContext)
    xPortStartScheduler                      0x08005789   Thumb Code    38  port.o(i.xPortStartScheduler)
    xPortSysTickHandler                      0x080057b9   Thumb Code    38  port.o(i.xPortSysTickHandler)
    xTaskCreate                              0x080057e5   Thumb Code    92  tasks.o(i.xTaskCreate)
    xTaskDelayUntil                          0x08005841   Thumb Code    80  tasks.o(i.xTaskDelayUntil)
    xTaskGetSchedulerState                   0x08005899   Thumb Code    22  tasks.o(i.xTaskGetSchedulerState)
    xTaskGetTickCount                        0x080058b5   Thumb Code     6  tasks.o(i.xTaskGetTickCount)
    xTaskIncrementTick                       0x080058c1   Thumb Code   282  tasks.o(i.xTaskIncrementTick)
    xTaskResumeAll                           0x080059e5   Thumb Code   266  tasks.o(i.xTaskResumeAll)
    AHBPrescTable                            0x08005b24   Data          16  system_stm32f1xx.o(.constdata)
    APBPrescTable                            0x08005b34   Data           8  system_stm32f1xx.o(.constdata)
    Region$$Table$$Base                      0x08005dc0   Number         0  anon$$obj.o(Region$$Table)
    Region$$Table$$Limit                     0x08005de0   Number         0  anon$$obj.o(Region$$Table)
    __stdout                                 0x20000000   Data           4  usart.o(.data)
    uwTickFreq                               0x20000004   Data           1  stm32f1xx_hal.o(.data)
    uwTickPrio                               0x20000008   Data           4  stm32f1xx_hal.o(.data)
    uwTick                                   0x2000000c   Data           4  stm32f1xx_hal.o(.data)
    SystemCoreClock                          0x20000010   Data           4  system_stm32f1xx.o(.data)
    start_task_handle                        0x20000024   Data           4  app_task.o(.data)
    task_2ms_handle                          0x20000028   Data           4  app_task.o(.data)
    task_4ms_handle                          0x2000002c   Data           4  app_task.o(.data)
    task_50ms_handle                         0x20000030   Data           4  app_task.o(.data)
    task_onenet_handle                       0x20000034   Data           4  app_task.o(.data)
    pxCurrentTCB                             0x2000003c   Data           4  tasks.o(.data)
    uxTopUsedPriority                        0x2000006c   Data           4  tasks.o(.data)
    hadc1                                    0x200000a0   Data          48  adc.o(.bss)
    hdma_adc1                                0x200000d0   Data          68  adc.o(.bss)
    hspi1                                    0x20000114   Data          88  spi.o(.bss)
    htim2                                    0x2000016c   Data          72  tim.o(.bss)
    htim3                                    0x200001b4   Data          72  tim.o(.bss)
    huart1                                   0x200001fc   Data          72  usart.o(.bss)
    huart2                                   0x20000244   Data          72  usart.o(.bss)
    __initial_sp                             0x20004d98   Data           0  startup_stm32f103xb.o(STACK)



==============================================================================

Memory Map of the image

  Image Entry point : 0x080000ed

  Load Region LR_IROM1 (Base: 0x08000000, Size: 0x00005e80, Max: 0x00010000, ABSOLUTE)

    Execution Region ER_IROM1 (Exec base: 0x08000000, Load base: 0x08000000, Size: 0x00005de0, Max: 0x00010000, ABSOLUTE)

    Exec Addr    Load Addr    Size         Type   Attr      Idx    E Section Name        Object

    0x08000000   0x08000000   0x000000ec   Data   RO            3    RESET               startup_stm32f103xb.o
    0x080000ec   0x080000ec   0x00000000   Code   RO         5823  * .ARM.Collect$$$$00000000  mc_w.l(entry.o)
    0x080000ec   0x080000ec   0x00000004   Code   RO         6191    .ARM.Collect$$$$00000001  mc_w.l(entry2.o)
    0x080000f0   0x080000f0   0x00000004   Code   RO         6194    .ARM.Collect$$$$00000004  mc_w.l(entry5.o)
    0x080000f4   0x080000f4   0x00000000   Code   RO         6196    .ARM.Collect$$$$00000008  mc_w.l(entry7b.o)
    0x080000f4   0x080000f4   0x00000000   Code   RO         6198    .ARM.Collect$$$$0000000A  mc_w.l(entry8b.o)
    0x080000f4   0x080000f4   0x00000008   Code   RO         6199    .ARM.Collect$$$$0000000B  mc_w.l(entry9a.o)
    0x080000fc   0x080000fc   0x00000004   Code   RO         6206    .ARM.Collect$$$$0000000E  mc_w.l(entry12b.o)
    0x08000100   0x08000100   0x00000000   Code   RO         6201    .ARM.Collect$$$$0000000F  mc_w.l(entry10a.o)
    0x08000100   0x08000100   0x00000000   Code   RO         6203    .ARM.Collect$$$$00000011  mc_w.l(entry11a.o)
    0x08000100   0x08000100   0x00000004   Code   RO         6192    .ARM.Collect$$$$00002712  mc_w.l(entry2.o)
    0x08000104   0x08000104   0x00000096   Code   RO         5630    .emb_text           port.o
    0x0800019a   0x0800019a   0x00000002   PAD
    0x0800019c   0x0800019c   0x00000024   Code   RO            4    .text               startup_stm32f103xb.o
    0x080001c0   0x080001c0   0x00000020   Code   RO         5828    .text               mc_w.l(llushr.o)
    0x080001e0   0x080001e0   0x00000024   Code   RO         5832    .text               mc_w.l(memcpya.o)
    0x08000204   0x08000204   0x00000024   Code   RO         5834    .text               mc_w.l(memseta.o)
    0x08000228   0x08000228   0x00000024   Code   RO         5836    .text               mc_w.l(strstr.o)
    0x0800024c   0x0800024c   0x0000000e   Code   RO         5838    .text               mc_w.l(strlen.o)
    0x0800025a   0x0800025a   0x000000b0   Code   RO         6143    .text               mf_w.l(fadd.o)
    0x0800030a   0x0800030a   0x00000064   Code   RO         6145    .text               mf_w.l(fmul.o)
    0x0800036e   0x0800036e   0x0000007c   Code   RO         6147    .text               mf_w.l(fdiv.o)
    0x080003ea   0x080003ea   0x0000014e   Code   RO         6149    .text               mf_w.l(dadd.o)
    0x08000538   0x08000538   0x000000e4   Code   RO         6151    .text               mf_w.l(dmul.o)
    0x0800061c   0x0800061c   0x00000012   Code   RO         6155    .text               mf_w.l(fflti.o)
    0x0800062e   0x0800062e   0x0000000a   Code   RO         6157    .text               mf_w.l(ffltui.o)
    0x08000638   0x08000638   0x00000032   Code   RO         6163    .text               mf_w.l(ffixi.o)
    0x0800066a   0x0800066a   0x00000026   Code   RO         6167    .text               mf_w.l(f2d.o)
    0x08000690   0x08000690   0x00000030   Code   RO         6171    .text               mf_w.l(cdrcmple.o)
    0x080006c0   0x080006c0   0x0000002c   Code   RO         6207    .text               mc_w.l(uidiv.o)
    0x080006ec   0x080006ec   0x00000062   Code   RO         6209    .text               mc_w.l(uldiv.o)
    0x0800074e   0x0800074e   0x0000001e   Code   RO         6211    .text               mc_w.l(llshl.o)
    0x0800076c   0x0800076c   0x00000024   Code   RO         6213    .text               mc_w.l(llsshr.o)
    0x08000790   0x08000790   0x00000000   Code   RO         6230    .text               mc_w.l(iusefp.o)
    0x08000790   0x08000790   0x0000006e   Code   RO         6231    .text               mf_w.l(fepilogue.o)
    0x080007fe   0x080007fe   0x0000005e   Code   RO         6233    .text               mf_w.l(fsqrt.o)
    0x0800085c   0x0800085c   0x000000ba   Code   RO         6235    .text               mf_w.l(depilogue.o)
    0x08000916   0x08000916   0x000000de   Code   RO         6237    .text               mf_w.l(ddiv.o)
    0x080009f4   0x080009f4   0x00000030   Code   RO         6241    .text               mf_w.l(dfixul.o)
    0x08000a24   0x08000a24   0x00000024   Code   RO         6243    .text               mc_w.l(init.o)
    0x08000a48   0x08000a48   0x00000018   Code   RO         6249    .text               mf_w.l(fscalb.o)
    0x08000a60   0x08000a60   0x00000056   Code   RO          719    i.ADC_ConversionStop_Disable  stm32f1xx_hal_adc.o
    0x08000ab6   0x08000ab6   0x00000002   PAD
    0x08000ab8   0x08000ab8   0x0000007c   Code   RO          723    i.ADC_Enable        stm32f1xx_hal_adc.o
    0x08000b34   0x08000b34   0x00000012   Code   RO         3813    i.App_Task_2MS      app_task.o
    0x08000b46   0x08000b46   0x00000012   Code   RO         3814    i.App_Task_4MS      app_task.o
    0x08000b58   0x08000b58   0x00000074   Code   RO         3815    i.App_Task_50MS     app_task.o
    0x08000bcc   0x08000bcc   0x00000002   Code   RO          475    i.BusFault_Handler  stm32f1xx_it.o
    0x08000bce   0x08000bce   0x00000002   PAD
    0x08000bd0   0x08000bd0   0x0000006c   Code   RO         5704    i.DHT11_Check       dht11_hal.o
    0x08000c3c   0x08000c3c   0x00000018   Code   RO         5705    i.DHT11_Delay_us    dht11_hal.o
    0x08000c54   0x08000c54   0x00000054   Code   RO         5706    i.DHT11_Init        dht11_hal.o
    0x08000ca8   0x08000ca8   0x0000006c   Code   RO         5707    i.DHT11_Read_Bit    dht11_hal.o
    0x08000d14   0x08000d14   0x0000001a   Code   RO         5708    i.DHT11_Read_Byte   dht11_hal.o
    0x08000d2e   0x08000d2e   0x00000052   Code   RO         5709    i.DHT11_Read_Data   dht11_hal.o
    0x08000d80   0x08000d80   0x00000040   Code   RO         5710    i.DHT11_Rst         dht11_hal.o
    0x08000dc0   0x08000dc0   0x0000000c   Code   RO          476    i.DMA1_Channel1_IRQHandler  stm32f1xx_it.o
    0x08000dcc   0x08000dcc   0x00000002   Code   RO          477    i.DebugMon_Handler  stm32f1xx_it.o
    0x08000dce   0x08000dce   0x00000004   Code   RO           13    i.Error_Handler     main.o
    0x08000dd2   0x08000dd2   0x00000002   PAD
    0x08000dd4   0x08000dd4   0x00000034   Code   RO         3816    i.FreeRTOS_Start    app_task.o
    0x08000e08   0x08000e08   0x000000d8   Code   RO          899    i.HAL_ADCEx_Calibration_Start  stm32f1xx_hal_adc_ex.o
    0x08000ee0   0x08000ee0   0x000000fc   Code   RO          725    i.HAL_ADC_ConfigChannel  stm32f1xx_hal_adc.o
    0x08000fdc   0x08000fdc   0x00000006   Code   RO          732    i.HAL_ADC_GetValue  stm32f1xx_hal_adc.o
    0x08000fe2   0x08000fe2   0x00000002   PAD
    0x08000fe4   0x08000fe4   0x0000011c   Code   RO          734    i.HAL_ADC_Init      stm32f1xx_hal_adc.o
    0x08001100   0x08001100   0x00000090   Code   RO          246    i.HAL_ADC_MspInit   adc.o
    0x08001190   0x08001190   0x0000013c   Code   RO          738    i.HAL_ADC_PollForConversion  stm32f1xx_hal_adc.o
    0x080012cc   0x080012cc   0x000000c0   Code   RO          740    i.HAL_ADC_Start     stm32f1xx_hal_adc.o
    0x0800138c   0x0800138c   0x00000034   Code   RO          743    i.HAL_ADC_Stop      stm32f1xx_hal_adc.o
    0x080013c0   0x080013c0   0x00000046   Code   RO         1376    i.HAL_DMA_Abort     stm32f1xx_hal_dma.o
    0x08001406   0x08001406   0x00000002   PAD
    0x08001408   0x08001408   0x00000098   Code   RO         1377    i.HAL_DMA_Abort_IT  stm32f1xx_hal_dma.o
    0x080014a0   0x080014a0   0x00000154   Code   RO         1381    i.HAL_DMA_IRQHandler  stm32f1xx_hal_dma.o
    0x080015f4   0x080015f4   0x0000005c   Code   RO         1382    i.HAL_DMA_Init      stm32f1xx_hal_dma.o
    0x08001650   0x08001650   0x00000024   Code   RO         1002    i.HAL_Delay         stm32f1xx_hal.o
    0x08001674   0x08001674   0x000001e0   Code   RO         1312    i.HAL_GPIO_Init     stm32f1xx_hal_gpio.o
    0x08001854   0x08001854   0x0000000a   Code   RO         1314    i.HAL_GPIO_ReadPin  stm32f1xx_hal_gpio.o
    0x0800185e   0x0800185e   0x0000000a   Code   RO         1316    i.HAL_GPIO_WritePin  stm32f1xx_hal_gpio.o
    0x08001868   0x08001868   0x0000000c   Code   RO         1006    i.HAL_GetTick       stm32f1xx_hal.o
    0x08001874   0x08001874   0x00000010   Code   RO         1012    i.HAL_IncTick       stm32f1xx_hal.o
    0x08001884   0x08001884   0x00000024   Code   RO         1013    i.HAL_Init          stm32f1xx_hal.o
    0x080018a8   0x080018a8   0x00000040   Code   RO         1014    i.HAL_InitTick      stm32f1xx_hal.o
    0x080018e8   0x080018e8   0x0000003c   Code   RO          572    i.HAL_MspInit       stm32f1xx_hal_msp.o
    0x08001924   0x08001924   0x0000001a   Code   RO         1472    i.HAL_NVIC_EnableIRQ  stm32f1xx_hal_cortex.o
    0x0800193e   0x0800193e   0x00000002   PAD
    0x08001940   0x08001940   0x00000040   Code   RO         1478    i.HAL_NVIC_SetPriority  stm32f1xx_hal_cortex.o
    0x08001980   0x08001980   0x00000024   Code   RO         1479    i.HAL_NVIC_SetPriorityGrouping  stm32f1xx_hal_cortex.o
    0x080019a4   0x080019a4   0x000000a4   Code   RO         1273    i.HAL_RCCEx_GetPeriphCLKFreq  stm32f1xx_hal_rcc_ex.o
    0x08001a48   0x08001a48   0x000000ec   Code   RO         1274    i.HAL_RCCEx_PeriphCLKConfig  stm32f1xx_hal_rcc_ex.o
    0x08001b34   0x08001b34   0x0000012c   Code   RO         1170    i.HAL_RCC_ClockConfig  stm32f1xx_hal_rcc.o
    0x08001c60   0x08001c60   0x00000020   Code   RO         1177    i.HAL_RCC_GetPCLK1Freq  stm32f1xx_hal_rcc.o
    0x08001c80   0x08001c80   0x00000020   Code   RO         1178    i.HAL_RCC_GetPCLK2Freq  stm32f1xx_hal_rcc.o
    0x08001ca0   0x08001ca0   0x0000004c   Code   RO         1179    i.HAL_RCC_GetSysClockFreq  stm32f1xx_hal_rcc.o
    0x08001cec   0x08001cec   0x00000320   Code   RO         1182    i.HAL_RCC_OscConfig  stm32f1xx_hal_rcc.o
    0x0800200c   0x0800200c   0x000000b2   Code   RO         1983    i.HAL_SPI_Init      stm32f1xx_hal_spi.o
    0x080020be   0x080020be   0x00000002   PAD
    0x080020c0   0x080020c0   0x0000005c   Code   RO          312    i.HAL_SPI_MspInit   spi.o
    0x0800211c   0x0800211c   0x00000028   Code   RO         1483    i.HAL_SYSTICK_Config  stm32f1xx_hal_cortex.o
    0x08002144   0x08002144   0x00000002   Code   RO         3000    i.HAL_TIMEx_BreakCallback  stm32f1xx_hal_tim_ex.o
    0x08002146   0x08002146   0x00000002   Code   RO         3001    i.HAL_TIMEx_CommutCallback  stm32f1xx_hal_tim_ex.o
    0x08002148   0x08002148   0x00000068   Code   RO         3019    i.HAL_TIMEx_MasterConfigSynchronization  stm32f1xx_hal_tim_ex.o
    0x080021b0   0x080021b0   0x0000005a   Code   RO         2296    i.HAL_TIM_Base_Init  stm32f1xx_hal_tim.o
    0x0800220a   0x0800220a   0x00000002   PAD
    0x0800220c   0x0800220c   0x00000050   Code   RO          354    i.HAL_TIM_Base_MspInit  tim.o
    0x0800225c   0x0800225c   0x00000050   Code   RO         2299    i.HAL_TIM_Base_Start  stm32f1xx_hal_tim.o
    0x080022ac   0x080022ac   0x000000dc   Code   RO         2305    i.HAL_TIM_ConfigClockSource  stm32f1xx_hal_tim.o
    0x08002388   0x08002388   0x00000002   Code   RO         2330    i.HAL_TIM_IC_CaptureCallback  stm32f1xx_hal_tim.o
    0x0800238a   0x0800238a   0x00000130   Code   RO         2344    i.HAL_TIM_IRQHandler  stm32f1xx_hal_tim.o
    0x080024ba   0x080024ba   0x00000002   Code   RO         2347    i.HAL_TIM_OC_DelayElapsedCallback  stm32f1xx_hal_tim.o
    0x080024bc   0x080024bc   0x00000002   Code   RO         2374    i.HAL_TIM_PWM_PulseFinishedCallback  stm32f1xx_hal_tim.o
    0x080024be   0x080024be   0x00000002   Code   RO         2382    i.HAL_TIM_PeriodElapsedCallback  stm32f1xx_hal_tim.o
    0x080024c0   0x080024c0   0x00000002   Code   RO         2387    i.HAL_TIM_TriggerCallback  stm32f1xx_hal_tim.o
    0x080024c2   0x080024c2   0x00000002   Code   RO         3279    i.HAL_UARTEx_RxEventCallback  stm32f1xx_hal_uart.o
    0x080024c4   0x080024c4   0x00000002   Code   RO         3293    i.HAL_UART_ErrorCallback  stm32f1xx_hal_uart.o
    0x080024c6   0x080024c6   0x00000002   PAD
    0x080024c8   0x080024c8   0x0000026c   Code   RO         3296    i.HAL_UART_IRQHandler  stm32f1xx_hal_uart.o
    0x08002734   0x08002734   0x00000064   Code   RO         3297    i.HAL_UART_Init     stm32f1xx_hal_uart.o
    0x08002798   0x08002798   0x000000d8   Code   RO          402    i.HAL_UART_MspInit  usart.o
    0x08002870   0x08002870   0x0000001c   Code   RO         3302    i.HAL_UART_Receive_IT  stm32f1xx_hal_uart.o
    0x0800288c   0x0800288c   0x00000014   Code   RO          478    i.HAL_UART_RxCpltCallback  stm32f1xx_it.o
    0x080028a0   0x080028a0   0x000000a0   Code   RO         3305    i.HAL_UART_Transmit  stm32f1xx_hal_uart.o
    0x08002940   0x08002940   0x00000002   Code   RO         3308    i.HAL_UART_TxCpltCallback  stm32f1xx_hal_uart.o
    0x08002942   0x08002942   0x00000002   Code   RO          479    i.HardFault_Handler  stm32f1xx_it.o
    0x08002944   0x08002944   0x0000004c   Code   RO          247    i.MX_ADC1_Init      adc.o
    0x08002990   0x08002990   0x0000002c   Code   RO          287    i.MX_DMA_Init       dma.o
    0x080029bc   0x080029bc   0x000000b0   Code   RO          221    i.MX_GPIO_Init      gpio.o
    0x08002a6c   0x08002a6c   0x0000004c   Code   RO          313    i.MX_SPI1_Init      spi.o
    0x08002ab8   0x08002ab8   0x00000064   Code   RO          355    i.MX_TIM2_Init      tim.o
    0x08002b1c   0x08002b1c   0x00000068   Code   RO          356    i.MX_TIM3_Init      tim.o
    0x08002b84   0x08002b84   0x00000038   Code   RO          403    i.MX_USART1_UART_Init  usart.o
    0x08002bbc   0x08002bbc   0x00000038   Code   RO          404    i.MX_USART2_UART_Init  usart.o
    0x08002bf4   0x08002bf4   0x00000002   Code   RO          480    i.MemManage_Handler  stm32f1xx_it.o
    0x08002bf6   0x08002bf6   0x00000002   Code   RO          481    i.NMI_Handler       stm32f1xx_it.o
    0x08002bf8   0x08002bf8   0x00000128   Code   RO         3817    i.Start_Task        app_task.o
    0x08002d20   0x08002d20   0x00000018   Code   RO          482    i.SysTick_Handler   stm32f1xx_it.o
    0x08002d38   0x08002d38   0x00000078   Code   RO           14    i.SystemClock_Config  main.o
    0x08002db0   0x08002db0   0x00000002   Code   RO         3631    i.SystemInit        system_stm32f1xx.o
    0x08002db2   0x08002db2   0x00000002   PAD
    0x08002db4   0x08002db4   0x0000000c   Code   RO          483    i.TIM2_IRQHandler   stm32f1xx_it.o
    0x08002dc0   0x08002dc0   0x00000078   Code   RO         2389    i.TIM_Base_SetConfig  stm32f1xx_hal_tim.o
    0x08002e38   0x08002e38   0x00000014   Code   RO         2400    i.TIM_ETR_SetConfig  stm32f1xx_hal_tim.o
    0x08002e4c   0x08002e4c   0x00000010   Code   RO         2401    i.TIM_ITRx_SetConfig  stm32f1xx_hal_tim.o
    0x08002e5c   0x08002e5c   0x00000022   Code   RO         2407    i.TIM_TI1_ConfigInputStage  stm32f1xx_hal_tim.o
    0x08002e7e   0x08002e7e   0x00000024   Code   RO         2409    i.TIM_TI2_ConfigInputStage  stm32f1xx_hal_tim.o
    0x08002ea2   0x08002ea2   0x00000010   Code   RO         3310    i.UART_DMAAbortOnError  stm32f1xx_hal_uart.o
    0x08002eb2   0x08002eb2   0x0000004e   Code   RO         3320    i.UART_EndRxTransfer  stm32f1xx_hal_uart.o
    0x08002f00   0x08002f00   0x000000c2   Code   RO         3322    i.UART_Receive_IT   stm32f1xx_hal_uart.o
    0x08002fc2   0x08002fc2   0x00000002   PAD
    0x08002fc4   0x08002fc4   0x000000b8   Code   RO         3323    i.UART_SetConfig    stm32f1xx_hal_uart.o
    0x0800307c   0x0800307c   0x00000036   Code   RO         3325    i.UART_Start_Receive_IT  stm32f1xx_hal_uart.o
    0x080030b2   0x080030b2   0x00000072   Code   RO         3326    i.UART_WaitOnFlagUntilTimeout  stm32f1xx_hal_uart.o
    0x08003124   0x08003124   0x00000028   Code   RO          405    i.USART1_DebugWrite  usart.o
    0x0800314c   0x0800314c   0x0000000c   Code   RO          484    i.USART1_IRQHandler  stm32f1xx_it.o
    0x08003158   0x08003158   0x0000000c   Code   RO          485    i.USART2_IRQHandler  stm32f1xx_it.o
    0x08003164   0x08003164   0x00000002   Code   RO          486    i.UsageFault_Handler  stm32f1xx_it.o
    0x08003166   0x08003166   0x00000002   PAD
    0x08003168   0x08003168   0x00000020   Code   RO         6081    i.__0printf         mc_w.l(printfa.o)
    0x08003188   0x08003188   0x00000034   Code   RO         6082    i.__0snprintf       mc_w.l(printfa.o)
    0x080031bc   0x080031bc   0x00000026   Code   RO         6175    i.__ARM_fpclassifyf  m_ws.l(fpclassifyf.o)
    0x080031e2   0x080031e2   0x00000020   Code   RO         1485    i.__NVIC_SetPriority  stm32f1xx_hal_cortex.o
    0x08003202   0x08003202   0x00000004   Code   RO         6179    i.__mathlib_flt_infnan2  m_ws.l(funder.o)
    0x08003206   0x08003206   0x0000000a   Code   RO         6183    i.__mathlib_flt_underflow  m_ws.l(funder.o)
    0x08003210   0x08003210   0x0000000e   Code   RO         6256    i.__scatterload_copy  mc_w.l(handlers.o)
    0x0800321e   0x0800321e   0x00000002   Code   RO         6257    i.__scatterload_null  mc_w.l(handlers.o)
    0x08003220   0x08003220   0x0000000e   Code   RO         6258    i.__scatterload_zeroinit  mc_w.l(handlers.o)
    0x0800322e   0x0800322e   0x00000002   PAD
    0x08003230   0x08003230   0x0000000c   Code   RO         6219    i.__set_errno       mc_w.l(errno.o)
    0x0800323c   0x0800323c   0x00000184   Code   RO         6088    i._fp_digits        mc_w.l(printfa.o)
    0x080033c0   0x080033c0   0x000006b4   Code   RO         6089    i._printf_core      mc_w.l(printfa.o)
    0x08003a74   0x08003a74   0x00000024   Code   RO         6090    i._printf_post_padding  mc_w.l(printfa.o)
    0x08003a98   0x08003a98   0x0000002e   Code   RO         6091    i._printf_pre_padding  mc_w.l(printfa.o)
    0x08003ac6   0x08003ac6   0x00000016   Code   RO         6092    i._snputc           mc_w.l(printfa.o)
    0x08003adc   0x08003adc   0x00000154   Code   RO         3677    i.app_collect_dht11  app_datacollect.o
    0x08003c30   0x08003c30   0x00000014   Code   RO         3678    i.app_collect_get_snapshot  app_datacollect.o
    0x08003c44   0x08003c44   0x00000240   Code   RO         3679    i.app_collect_init  app_datacollect.o
    0x08003e84   0x08003e84   0x00000184   Code   RO         3680    i.app_collect_mpu6050  app_datacollect.o
    0x08004008   0x08004008   0x00000104   Code   RO         3681    i.app_collect_vibration  app_datacollect.o
    0x0800410c   0x0800410c   0x000002a4   Code   RO         5804    i.atan2f            m_ws.l(atan2f.o)
    0x080043b0   0x080043b0   0x00000020   Code   RO         3866    i.esp_at_clear_rx_buffer  esp_at.o
    0x080043d0   0x080043d0   0x0000001c   Code   RO         3868    i.esp_at_init       esp_at.o
    0x080043ec   0x080043ec   0x00000040   Code   RO         3869    i.esp_at_log_line   esp_at.o
    0x0800442c   0x0800442c   0x0000001c   Code   RO         3870    i.esp_at_response_contains  esp_at.o
    0x08004448   0x08004448   0x00000048   Code   RO         3871    i.esp_at_rx_byte    esp_at.o
    0x08004490   0x08004490   0x0000000c   Code   RO         3872    i.esp_at_rx_cplt_isr  esp_at.o
    0x0800449c   0x0800449c   0x00000026   Code   RO         3873    i.esp_at_send_cmd_wait  esp_at.o
    0x080044c2   0x080044c2   0x00000002   PAD
    0x080044c4   0x080044c4   0x00000040   Code   RO         3874    i.esp_at_send_raw   esp_at.o
    0x08004504   0x08004504   0x0000000c   Code   RO         3875    i.esp_at_wait_prompt  esp_at.o
    0x08004510   0x08004510   0x00000134   Code   RO         3876    i.esp_at_wait_response  esp_at.o
    0x08004644   0x08004644   0x00000018   Code   RO          407    i.fputc             usart.o
    0x0800465c   0x0800465c   0x000000e0   Code   RO           15    i.main              main.o
    0x0800473c   0x0800473c   0x00000018   Code   RO         3683    i.mpu6050_i2c_delay_us  app_datacollect.o
    0x08004754   0x08004754   0x00000074   Code   RO         3684    i.mpu6050_i2c_read_byte  app_datacollect.o
    0x080047c8   0x080047c8   0x0000001c   Code   RO         3685    i.mpu6050_i2c_set_scl  app_datacollect.o
    0x080047e4   0x080047e4   0x0000001c   Code   RO         3686    i.mpu6050_i2c_set_sda  app_datacollect.o
    0x08004800   0x08004800   0x00000022   Code   RO         3687    i.mpu6050_i2c_start  app_datacollect.o
    0x08004822   0x08004822   0x00000022   Code   RO         3688    i.mpu6050_i2c_stop  app_datacollect.o
    0x08004844   0x08004844   0x0000004c   Code   RO         3689    i.mpu6050_i2c_wait_ack  app_datacollect.o
    0x08004890   0x08004890   0x00000032   Code   RO         3690    i.mpu6050_i2c_write_byte  app_datacollect.o
    0x080048c2   0x080048c2   0x00000070   Code   RO         3691    i.mpu6050_read_regs  app_datacollect.o
    0x08004932   0x08004932   0x00000002   PAD
    0x08004934   0x08004934   0x00000020   Code   RO         3692    i.mpu6050_sda_input  app_datacollect.o
    0x08004954   0x08004954   0x00000020   Code   RO         3693    i.mpu6050_sda_output  app_datacollect.o
    0x08004974   0x08004974   0x00000042   Code   RO         3694    i.mpu6050_write_reg  app_datacollect.o
    0x080049b6   0x080049b6   0x00000002   PAD
    0x080049b8   0x080049b8   0x000000b8   Code   RO         3970    i.onenet_at_task    onenet_at.o
    0x08004a70   0x08004a70   0x0000001c   Code   RO         4032    i.onenet_bool_text  onenet_payload.o
    0x08004a8c   0x08004a8c   0x000000a4   Code   RO         4034    i.onenet_build_property_payload  onenet_payload.o
    0x08004b30   0x08004b30   0x000002a8   Code   RO         3971    i.onenet_esp_at_basic_init  onenet_at.o
    0x08004dd8   0x08004dd8   0x00000100   Code   RO         3972    i.onenet_esp_at_publish  onenet_at.o
    0x08004ed8   0x08004ed8   0x0000019c   Code   RO         3973    i.onenet_publish_sensor_snapshot  onenet_at.o
    0x08005074   0x08005074   0x00000088   Code   RO         5210    i.prvAddCurrentTaskToDelayedList  tasks.o
    0x080050fc   0x080050fc   0x000000f0   Code   RO         5211    i.prvAddNewTaskToReadyList  tasks.o
    0x080051ec   0x080051ec   0x00000014   Code   RO         5212    i.prvDeleteTCB      tasks.o
    0x08005200   0x08005200   0x00000044   Code   RO         5569    i.prvHeapInit       heap_4.o
    0x08005244   0x08005244   0x00000060   Code   RO         5213    i.prvIdleTask       tasks.o
    0x080052a4   0x080052a4   0x00000084   Code   RO         5214    i.prvInitialiseNewTask  tasks.o
    0x08005328   0x08005328   0x0000004c   Code   RO         5570    i.prvInsertBlockIntoFreeList  heap_4.o
    0x08005374   0x08005374   0x0000001c   Code   RO         5216    i.prvResetNextTaskUnblockTime  tasks.o
    0x08005390   0x08005390   0x00000010   Code   RO         5631    i.prvTaskExitError  port.o
    0x080053a0   0x080053a0   0x00000098   Code   RO         5572    i.pvPortMalloc      heap_4.o
    0x08005438   0x08005438   0x00000024   Code   RO         5632    i.pxPortInitialiseStack  port.o
    0x0800545c   0x0800545c   0x0000002c   Code   RO         5812    i.sqrtf             m_ws.l(sqrtf.o)
    0x08005488   0x08005488   0x00000026   Code   RO         4846    i.uxListRemove      list.o
    0x080054ae   0x080054ae   0x00000002   PAD
    0x080054b0   0x080054b0   0x00000048   Code   RO           16    i.vApplicationStackOverflowHook  main.o
    0x080054f8   0x080054f8   0x00000016   Code   RO         4847    i.vListInitialise   list.o
    0x0800550e   0x0800550e   0x00000006   Code   RO         4848    i.vListInitialiseItem  list.o
    0x08005514   0x08005514   0x00000030   Code   RO         4849    i.vListInsert       list.o
    0x08005544   0x08005544   0x00000018   Code   RO         4850    i.vListInsertEnd    list.o
    0x0800555c   0x0800555c   0x0000001c   Code   RO         5634    i.vPortEnterCritical  port.o
    0x08005578   0x08005578   0x00000014   Code   RO         5635    i.vPortExitCritical  port.o
    0x0800558c   0x0800558c   0x00000044   Code   RO         5573    i.vPortFree         heap_4.o
    0x080055d0   0x080055d0   0x00000018   Code   RO         5636    i.vPortSetupTimerInterrupt  port.o
    0x080055e8   0x080055e8   0x00000030   Code   RO         5227    i.vTaskDelay        tasks.o
    0x08005618   0x08005618   0x000000a0   Code   RO         5228    i.vTaskDelete       tasks.o
    0x080056b8   0x080056b8   0x00000050   Code   RO         5242    i.vTaskStartScheduler  tasks.o
    0x08005708   0x08005708   0x00000010   Code   RO         5244    i.vTaskSuspendAll   tasks.o
    0x08005718   0x08005718   0x00000070   Code   RO         5245    i.vTaskSwitchContext  tasks.o
    0x08005788   0x08005788   0x00000030   Code   RO         5637    i.xPortStartScheduler  port.o
    0x080057b8   0x080057b8   0x0000002c   Code   RO         5638    i.xPortSysTickHandler  port.o
    0x080057e4   0x080057e4   0x0000005c   Code   RO         5248    i.xTaskCreate       tasks.o
    0x08005840   0x08005840   0x00000058   Code   RO         5249    i.xTaskDelayUntil   tasks.o
    0x08005898   0x08005898   0x0000001c   Code   RO         5255    i.xTaskGetSchedulerState  tasks.o
    0x080058b4   0x080058b4   0x0000000c   Code   RO         5256    i.xTaskGetTickCount  tasks.o
    0x080058c0   0x080058c0   0x00000124   Code   RO         5258    i.xTaskIncrementTick  tasks.o
    0x080059e4   0x080059e4   0x0000011c   Code   RO         5262    i.xTaskResumeAll    tasks.o
    0x08005b00   0x08005b00   0x00000012   Data   RO         1183    .constdata          stm32f1xx_hal_rcc.o
    0x08005b12   0x08005b12   0x00000012   Data   RO         1275    .constdata          stm32f1xx_hal_rcc_ex.o
    0x08005b24   0x08005b24   0x00000010   Data   RO         3632    .constdata          system_stm32f1xx.o
    0x08005b34   0x08005b34   0x00000008   Data   RO         3633    .constdata          system_stm32f1xx.o
    0x08005b3c   0x08005b3c   0x0000004f   Data   RO           17    .conststring        main.o
    0x08005b8b   0x08005b8b   0x00000001   PAD
    0x08005b8c   0x08005b8c   0x0000004b   Data   RO         3696    .conststring        app_datacollect.o
    0x08005bd7   0x08005bd7   0x00000001   PAD
    0x08005bd8   0x08005bd8   0x000000ec   Data   RO         3974    .conststring        onenet_at.o
    0x08005cc4   0x08005cc4   0x000000fb   Data   RO         4035    .conststring        onenet_payload.o
    0x08005dbf   0x08005dbf   0x00000001   PAD
    0x08005dc0   0x08005dc0   0x00000020   Data   RO         6254    Region$$Table       anon$$obj.o


    Execution Region RW_IRAM1 (Exec base: 0x20000000, Load base: 0x08005de0, Size: 0x00004d98, Max: 0x00005000, ABSOLUTE)

    Exec Addr    Load Addr    Size         Type   Attr      Idx    E Section Name        Object

    0x20000000   0x08005de0   0x00000004   Data   RW          409    .data               usart.o
    0x20000004   0x08005de4   0x0000000c   Data   RW         1020    .data               stm32f1xx_hal.o
    0x20000010   0x08005df0   0x00000004   Data   RW         3634    .data               system_stm32f1xx.o
    0x20000014   0x08005df4   0x00000010   Data   RW         3697    .data               app_datacollect.o
    0x20000024   0x08005e04   0x00000014   Data   RW         3818    .data               app_task.o
    0x20000038   0x08005e18   0x00000004   Data   RW         3878    .data               esp_at.o
    0x2000003c   0x08005e1c   0x00000040   Data   RW         5265    .data               tasks.o
    0x2000007c   0x08005e5c   0x0000001c   Data   RW         5579    .data               heap_4.o
    0x20000098   0x08005e78   0x00000004   Data   RW         5639    .data               port.o
    0x2000009c   0x08005e7c   0x00000004   Data   RW         6220    .data               mc_w.l(errno.o)
    0x200000a0        -       0x00000074   Zero   RW          248    .bss                adc.o
    0x20000114        -       0x00000058   Zero   RW          314    .bss                spi.o
    0x2000016c        -       0x00000090   Zero   RW          357    .bss                tim.o
    0x200001fc        -       0x00000090   Zero   RW          408    .bss                usart.o
    0x2000028c        -       0x00000024   Zero   RW         3695    .bss                app_datacollect.o
    0x200002b0        -       0x00000800   Zero   RW         3877    .bss                esp_at.o
    0x20000ab0        -       0x000002e4   Zero   RW         5264    .bss                tasks.o
    0x20000d94        -       0x00003c00   Zero   RW         5578    .bss                heap_4.o
    0x20004994   0x08005e80   0x00000004   PAD
    0x20004998        -       0x00000400   Zero   RW            1    STACK               startup_stm32f103xb.o


==============================================================================

Image component sizes


      Code (inc. data)   RO Data    RW Data    ZI Data      Debug   Object Name

       220         28          0          0        116       1651   adc.o
      2216        720         75         16         36      11118   app_datacollect.o
       500        246          0         20          0       2689   app_task.o
         0          0          0          0          0       8024   croutine.o
       496         30          0          0          0       4279   dht11_hal.o
        44          4          0          0          0        710   dma.o
       658        252          0          4       2048       6538   esp_at.o
         0          0          0          0          0       2564   event_groups.o
       176         12          0          0          0        927   gpio.o
       364         22          0         28      15360       4531   heap_4.o
       138          0          0          0          0       3062   list.o
       420        182         79          0          0     460420   main.o
      1532        808        236          0          0       5441   onenet_at.o
       192         22        251          0          0       1796   onenet_payload.o
       366         44          0          4          0       8904   port.o
       168         22          0          0         88       1549   spi.o
        36          8        236          0       1024        780   startup_stm32f103xb.o
       164         28          0         12          0       5717   stm32f1xx_hal.o
      1312         54          0          0          0       7019   stm32f1xx_hal_adc.o
       216          6          0          0          0       1390   stm32f1xx_hal_adc_ex.o
       198         14          0          0          0      28847   stm32f1xx_hal_cortex.o
       654         36          0          0          0       3271   stm32f1xx_hal_dma.o
       500         34          0          0          0       3423   stm32f1xx_hal_gpio.o
         0          0          0          0          0     448688   stm32f1xx_hal_gpio_ex.o
        60          8          0          0          0        830   stm32f1xx_hal_msp.o
      1240         84         18          0          0       4972   stm32f1xx_hal_rcc.o
       400         28         18          0          0       2401   stm32f1xx_hal_rcc_ex.o
       178          0          0          0          0       1111   stm32f1xx_hal_spi.o
       930         26          0          0          0      10018   stm32f1xx_hal_tim.o
       108         12          0          0          0       2309   stm32f1xx_hal_tim_ex.o
      1554         10          0          0          0      10640   stm32f1xx_hal_uart.o
       104         30          0          0          0       5516   stm32f1xx_it.o
         2          0         24          4          0       1047   system_stm32f1xx.o
      1864        142          0         64        740      27745   tasks.o
       284         22          0          0        144       2215   tim.o
       392         44          0          4        144       4743   usart.o

    ----------------------------------------------------------------------
     17720       2978        972        156      19704    1096885   Object Totals
         0          0         32          0          0          0   (incl. Generated)
        34          0          3          0          4          0   (incl. Padding)

    ----------------------------------------------------------------------

      Code (inc. data)   RO Data    RW Data    ZI Data      Debug   Library Member Name

       676         78          0          0          0        116   atan2f.o
        38          0          0          0          0         68   fpclassifyf.o
        14          0          0          0          0        136   funder.o
        44          0          0          0          0         80   sqrtf.o
         0          0          0          0          0          0   entry.o
         0          0          0          0          0          0   entry10a.o
         0          0          0          0          0          0   entry11a.o
         4          0          0          0          0          0   entry12b.o
         8          4          0          0          0          0   entry2.o
         4          0          0          0          0          0   entry5.o
         0          0          0          0          0          0   entry7b.o
         0          0          0          0          0          0   entry8b.o
         8          4          0          0          0          0   entry9a.o
        12          6          0          4          0         68   errno.o
        30          0          0          0          0          0   handlers.o
        36          8          0          0          0         68   init.o
         0          0          0          0          0          0   iusefp.o
        30          0          0          0          0         68   llshl.o
        36          0          0          0          0         68   llsshr.o
        32          0          0          0          0         68   llushr.o
        36          0          0          0          0         68   memcpya.o
        36          0          0          0          0        108   memseta.o
      2292         94          0          0          0        620   printfa.o
        14          0          0          0          0         68   strlen.o
        36          0          0          0          0         80   strstr.o
        44          0          0          0          0         80   uidiv.o
        98          0          0          0          0         92   uldiv.o
        48          0          0          0          0         68   cdrcmple.o
       334          0          0          0          0        148   dadd.o
       222          0          0          0          0        100   ddiv.o
       186          0          0          0          0        176   depilogue.o
        48          0          0          0          0         68   dfixul.o
       228          0          0          0          0         96   dmul.o
        38          0          0          0          0         68   f2d.o
       176          0          0          0          0        140   fadd.o
       124          0          0          0          0         88   fdiv.o
       110          0          0          0          0        168   fepilogue.o
        50          0          0          0          0         68   ffixi.o
        18          0          0          0          0         68   fflti.o
        10          0          0          0          0         68   ffltui.o
       100          0          0          0          0         76   fmul.o
        24          0          0          0          0         68   fscalb.o
        94          0          0          0          0         96   fsqrt.o

    ----------------------------------------------------------------------
      5340        194          0          4          0       3420   Library Totals
         2          0          0          0          0          0   (incl. Padding)

    ----------------------------------------------------------------------

      Code (inc. data)   RO Data    RW Data    ZI Data      Debug   Library Name

       772         78          0          0          0        400   m_ws.l
      2756        116          0          4          0       1456   mc_w.l
      1810          0          0          0          0       1564   mf_w.l

    ----------------------------------------------------------------------
      5340        194          0          4          0       3420   Library Totals

    ----------------------------------------------------------------------

==============================================================================


      Code (inc. data)   RO Data    RW Data    ZI Data      Debug   

     23060       3172        972        160      19704    1089641   Grand Totals
     23060       3172        972        160      19704    1089641   ELF Image Totals
     23060       3172        972        160          0          0   ROM Totals

==============================================================================

    Total RO  Size (Code + RO Data)                24032 (  23.47kB)
    Total RW  Size (RW Data + ZI Data)             19864 (  19.40kB)
    Total ROM Size (Code + RO Data + RW Data)      24192 (  23.63kB)

==============================================================================

